Archive member included because of file (symbol)

c:/users/asus/downloads/quatus/nios2eds/bin/gnu/h-i686-mingw32/bin/../lib/gcc/nios2-elf/4.1.2/../../../../nios2-elf/lib/mno-hw-mul\libsmallc.a(lib_a-printf.o)
                              obj/default/hello_world.o (printf)
c:/users/asus/downloads/quatus/nios2eds/bin/gnu/h-i686-mingw32/bin/../lib/gcc/nios2-elf/4.1.2/../../../../nios2-elf/lib/mno-hw-mul\libsmallc.a(lib_a-vfprintf.o)
                              c:/users/asus/downloads/quatus/nios2eds/bin/gnu/h-i686-mingw32/bin/../lib/gcc/nios2-elf/4.1.2/../../../../nios2-elf/lib/mno-hw-mul\libsmallc.a(lib_a-printf.o) (___vfprintf_internal_r)
c:/users/asus/downloads/quatus/nios2eds/bin/gnu/h-i686-mingw32/bin/../lib/gcc/nios2-elf/4.1.2/../../../../nios2-elf/lib/mno-hw-mul\libsmallc.a(lib_a-fvwrite_small_dev.o)
                              c:/users/asus/downloads/quatus/nios2eds/bin/gnu/h-i686-mingw32/bin/../lib/gcc/nios2-elf/4.1.2/../../../../nios2-elf/lib/mno-hw-mul\libsmallc.a(lib_a-printf.o) (__sfvwrite_small_dev)
c:/users/asus/downloads/quatus/nios2eds/bin/gnu/h-i686-mingw32/bin/../lib/gcc/nios2-elf/4.1.2/../../../../nios2-elf/lib/mno-hw-mul\libsmallc.a(lib_a-impure.o)
                              c:/users/asus/downloads/quatus/nios2eds/bin/gnu/h-i686-mingw32/bin/../lib/gcc/nios2-elf/4.1.2/../../../../nios2-elf/lib/mno-hw-mul\libsmallc.a(lib_a-printf.o) (_impure_ptr)
c:/users/asus/downloads/quatus/nios2eds/bin/gnu/h-i686-mingw32/bin/../lib/gcc/nios2-elf/4.1.2/../../../../nios2-elf/lib/mno-hw-mul\libsmallc.a(lib_a-strlen.o)
                              c:/users/asus/downloads/quatus/nios2eds/bin/gnu/h-i686-mingw32/bin/../lib/gcc/nios2-elf/4.1.2/../../../../nios2-elf/lib/mno-hw-mul\libsmallc.a(lib_a-vfprintf.o) (strlen)
c:/users/asus/downloads/quatus/nios2eds/bin/gnu/h-i686-mingw32/bin/../lib/gcc/nios2-elf/4.1.2/../../../../nios2-elf/lib/mno-hw-mul\libsmallc.a(lib_a-writer.o)
                              c:/users/asus/downloads/quatus/nios2eds/bin/gnu/h-i686-mingw32/bin/../lib/gcc/nios2-elf/4.1.2/../../../../nios2-elf/lib/mno-hw-mul\libsmallc.a(lib_a-fvwrite_small_dev.o) (_write_r)
c:/users/asus/downloads/quatus/nios2eds/bin/gnu/h-i686-mingw32/bin/../lib/gcc/nios2-elf/4.1.2/../../../../nios2-elf/lib/mno-hw-mul\libsmallc.a(lib_a-int_errno.o)
                              c:/users/asus/downloads/quatus/nios2eds/bin/gnu/h-i686-mingw32/bin/../lib/gcc/nios2-elf/4.1.2/../../../../nios2-elf/lib/mno-hw-mul\libsmallc.a(lib_a-writer.o) (errno)
c:/users/asus/downloads/quatus/nios2eds/bin/gnu/h-i686-mingw32/bin/../lib/gcc/nios2-elf/4.1.2/mno-hw-mul\libgcc.a(lib2-divmod.o)
                              c:/users/asus/downloads/quatus/nios2eds/bin/gnu/h-i686-mingw32/bin/../lib/gcc/nios2-elf/4.1.2/../../../../nios2-elf/lib/mno-hw-mul\libsmallc.a(lib_a-vfprintf.o) (__udivsi3)
c:/users/asus/downloads/quatus/nios2eds/bin/gnu/h-i686-mingw32/bin/../lib/gcc/nios2-elf/4.1.2/mno-hw-mul\libgcc.a(lib2-mul.o)
                              c:/users/asus/downloads/quatus/nios2eds/bin/gnu/h-i686-mingw32/bin/../lib/gcc/nios2-elf/4.1.2/../../../../nios2-elf/lib/mno-hw-mul\libsmallc.a(lib_a-vfprintf.o) (__mulsi3)
../DMA_TEST_bsp/\libhal_bsp.a(alt_load.o)
                              ../DMA_TEST_bsp//obj/HAL/src/crt0.o (alt_load)
../DMA_TEST_bsp/\libhal_bsp.a(alt_main.o)
                              ../DMA_TEST_bsp//obj/HAL/src/crt0.o (alt_main)
../DMA_TEST_bsp/\libhal_bsp.a(alt_write.o)
                              c:/users/asus/downloads/quatus/nios2eds/bin/gnu/h-i686-mingw32/bin/../lib/gcc/nios2-elf/4.1.2/../../../../nios2-elf/lib/mno-hw-mul\libsmallc.a(lib_a-writer.o) (write)
../DMA_TEST_bsp/\libhal_bsp.a(alt_sys_init.o)
                              ../DMA_TEST_bsp/\libhal_bsp.a(alt_main.o) (alt_sys_init)
../DMA_TEST_bsp/\libhal_bsp.a(altera_avalon_jtag_uart_fd.o)
                              ../DMA_TEST_bsp/\libhal_bsp.a(alt_sys_init.o) (altera_avalon_jtag_uart_write_fd)
../DMA_TEST_bsp/\libhal_bsp.a(altera_avalon_jtag_uart_read.o)
                              ../DMA_TEST_bsp/\libhal_bsp.a(altera_avalon_jtag_uart_fd.o) (altera_avalon_jtag_uart_read)
../DMA_TEST_bsp/\libhal_bsp.a(altera_avalon_jtag_uart_write.o)
                              ../DMA_TEST_bsp/\libhal_bsp.a(altera_avalon_jtag_uart_fd.o) (altera_avalon_jtag_uart_write)
../DMA_TEST_bsp/\libhal_bsp.a(alt_close.o)
                              ../DMA_TEST_bsp/\libhal_bsp.a(alt_main.o) (close)
../DMA_TEST_bsp/\libhal_bsp.a(alt_dcache_flush_all.o)
                              ../DMA_TEST_bsp/\libhal_bsp.a(alt_load.o) (alt_dcache_flush_all)
../DMA_TEST_bsp/\libhal_bsp.a(alt_dev.o)
                              ../DMA_TEST_bsp/\libhal_bsp.a(alt_sys_init.o) (alt_dev_list)
../DMA_TEST_bsp/\libhal_bsp.a(alt_dev_llist_insert.o)
                              ../DMA_TEST_bsp/\libhal_bsp.a(alt_sys_init.o) (alt_dev_llist_insert)
../DMA_TEST_bsp/\libhal_bsp.a(alt_errno.o)
                              ../DMA_TEST_bsp/\libhal_bsp.a(alt_write.o) (alt_errno)
../DMA_TEST_bsp/\libhal_bsp.a(alt_icache_flush_all.o)
                              ../DMA_TEST_bsp/\libhal_bsp.a(alt_load.o) (alt_icache_flush_all)
../DMA_TEST_bsp/\libhal_bsp.a(alt_io_redirect.o)
                              ../DMA_TEST_bsp/\libhal_bsp.a(alt_main.o) (alt_io_redirect)
../DMA_TEST_bsp/\libhal_bsp.a(alt_open.o)
                              ../DMA_TEST_bsp/\libhal_bsp.a(alt_io_redirect.o) (open)
../DMA_TEST_bsp/\libhal_bsp.a(alt_release_fd.o)
                              ../DMA_TEST_bsp/\libhal_bsp.a(alt_close.o) (alt_release_fd)
../DMA_TEST_bsp/\libhal_bsp.a(altera_nios2_qsys_irq.o)
                              ../DMA_TEST_bsp/\libhal_bsp.a(alt_sys_init.o) (altera_nios2_qsys_irq_init)
../DMA_TEST_bsp/\libhal_bsp.a(alt_find_dev.o)
                              ../DMA_TEST_bsp/\libhal_bsp.a(alt_open.o) (alt_find_dev)
../DMA_TEST_bsp/\libhal_bsp.a(alt_find_file.o)
                              ../DMA_TEST_bsp/\libhal_bsp.a(alt_open.o) (alt_find_file)
../DMA_TEST_bsp/\libhal_bsp.a(alt_get_fd.o)
                              ../DMA_TEST_bsp/\libhal_bsp.a(alt_open.o) (alt_get_fd)
c:/users/asus/downloads/quatus/nios2eds/bin/gnu/h-i686-mingw32/bin/../lib/gcc/nios2-elf/4.1.2/../../../../nios2-elf/lib/mno-hw-mul\libsmallc.a(lib_a-exit.o)
                              ../DMA_TEST_bsp/\libhal_bsp.a(alt_main.o) (exit)
c:/users/asus/downloads/quatus/nios2eds/bin/gnu/h-i686-mingw32/bin/../lib/gcc/nios2-elf/4.1.2/../../../../nios2-elf/lib/mno-hw-mul\libsmallc.a(lib_a-memcmp.o)
                              ../DMA_TEST_bsp/\libhal_bsp.a(alt_find_dev.o) (memcmp)
c:/users/asus/downloads/quatus/nios2eds/bin/gnu/h-i686-mingw32/bin/../lib/gcc/nios2-elf/4.1.2/../../../../nios2-elf/lib/mno-hw-mul\libsmallc.a(lib_a-__call_atexit.o)
                              c:/users/asus/downloads/quatus/nios2eds/bin/gnu/h-i686-mingw32/bin/../lib/gcc/nios2-elf/4.1.2/../../../../nios2-elf/lib/mno-hw-mul\libsmallc.a(lib_a-exit.o) (__call_exitprocs)
../DMA_TEST_bsp/\libhal_bsp.a(alt_exit.o)
                              c:/users/asus/downloads/quatus/nios2eds/bin/gnu/h-i686-mingw32/bin/../lib/gcc/nios2-elf/4.1.2/../../../../nios2-elf/lib/mno-hw-mul\libsmallc.a(lib_a-exit.o) (_exit)

Allocating common symbols
Common symbol       size              file

errno               0x4               c:/users/asus/downloads/quatus/nios2eds/bin/gnu/h-i686-mingw32/bin/../lib/gcc/nios2-elf/4.1.2/../../../../nios2-elf/lib/mno-hw-mul\libsmallc.a(lib_a-int_errno.o)

Memory Configuration

Name             Origin             Length             Attributes
reset            0x00010000         0x00000020
onchip_memory2_0 0x00010020         0x00009c20
onchip_memory2_1 0x00021000         0x00001000
*default*        0x00000000         0xffffffff

Linker script and memory map

LOAD ../DMA_TEST_bsp//obj/HAL/src/crt0.o
LOAD obj/default/hello_world.o
LOAD c:/users/asus/downloads/quatus/nios2eds/bin/gnu/h-i686-mingw32/bin/../lib/gcc/nios2-elf/4.1.2/../../../../nios2-elf/lib/mno-hw-mul\libstdc++.a
LOAD c:/users/asus/downloads/quatus/nios2eds/bin/gnu/h-i686-mingw32/bin/../lib/gcc/nios2-elf/4.1.2/../../../../nios2-elf/lib/mno-hw-mul\libm.a
LOAD c:/users/asus/downloads/quatus/nios2eds/bin/gnu/h-i686-mingw32/bin/../lib/gcc/nios2-elf/4.1.2/mno-hw-mul\libgcc.a
START GROUP
LOAD c:/users/asus/downloads/quatus/nios2eds/bin/gnu/h-i686-mingw32/bin/../lib/gcc/nios2-elf/4.1.2/../../../../nios2-elf/lib/mno-hw-mul\libsmallc.a
LOAD c:/users/asus/downloads/quatus/nios2eds/bin/gnu/h-i686-mingw32/bin/../lib/gcc/nios2-elf/4.1.2/mno-hw-mul\libgcc.a
LOAD ../DMA_TEST_bsp/\libhal_bsp.a
END GROUP
LOAD c:/users/asus/downloads/quatus/nios2eds/bin/gnu/h-i686-mingw32/bin/../lib/gcc/nios2-elf/4.1.2/mno-hw-mul\libgcc.a
                0x00010000                __alt_mem_onchip_memory2_0 = 0x10000
                0x00021000                __alt_mem_onchip_memory2_1 = 0x21000

.entry          0x00010000       0x20
 *(.entry)
 .entry         0x00010000       0x20 ../DMA_TEST_bsp//obj/HAL/src/crt0.o
                0x00010000                __reset

.exceptions     0x00010020        0x0
                0x00010020                PROVIDE (__ram_exceptions_start, ABSOLUTE (.))
                0x00010020                . = ALIGN (0x20)
 *(.irq)
 *(.exceptions.entry.label)
 *(.exceptions.entry.user)
 *(.exceptions.entry)
 *(.exceptions.irqtest.user)
 *(.exceptions.irqtest)
 *(.exceptions.irqhandler.user)
 *(.exceptions.irqhandler)
 *(.exceptions.irqreturn.user)
 *(.exceptions.irqreturn)
 *(.exceptions.notirq.label)
 *(.exceptions.notirq.user)
 *(.exceptions.notirq)
 *(.exceptions.soft.user)
 *(.exceptions.soft)
 *(.exceptions.unknown.user)
 *(.exceptions.unknown)
 *(.exceptions.exit.label)
 *(.exceptions.exit.user)
 *(.exceptions.exit)
 *(.exceptions)
                0x00010020                PROVIDE (__ram_exceptions_end, ABSOLUTE (.))
                0x00010020                PROVIDE (__flash_exceptions_start, LOADADDR (.exceptions))

.text           0x00010020     0x1670
                0x00010020                PROVIDE (stext, ABSOLUTE (.))
 *(.interp)
 *(.hash)
 *(.dynsym)
 *(.dynstr)
 *(.gnu.version)
 *(.gnu.version_d)
 *(.gnu.version_r)
 *(.rel.init)
 *(.rela.init)
 *(.rel.text .rel.text.* .rel.gnu.linkonce.t.*)
 *(.rela.text .rela.text.* .rela.gnu.linkonce.t.*)
 *(.rel.fini)
 *(.rela.fini)
 *(.rel.rodata .rel.rodata.* .rel.gnu.linkonce.r.*)
 *(.rela.rodata .rela.rodata.* .rela.gnu.linkonce.r.*)
 *(.rel.data .rel.data.* .rel.gnu.linkonce.d.*)
 *(.rela.data .rela.data.* .rela.gnu.linkonce.d.*)
 *(.rel.tdata .rel.tdata.* .rel.gnu.linkonce.td.*)
 *(.rela.tdata .rela.tdata.* .rela.gnu.linkonce.td.*)
 *(.rel.tbss .rel.tbss.* .rel.gnu.linkonce.tb.*)
 *(.rela.tbss .rela.tbss.* .rela.gnu.linkonce.tb.*)
 *(.rel.ctors)
 *(.rela.ctors)
 *(.rel.dtors)
 *(.rela.dtors)
 *(.rel.got)
 *(.rela.got)
 *(.rel.sdata .rel.sdata.* .rel.gnu.linkonce.s.*)
 *(.rela.sdata .rela.sdata.* .rela.gnu.linkonce.s.*)
 *(.rel.sbss .rel.sbss.* .rel.gnu.linkonce.sb.*)
 *(.rela.sbss .rela.sbss.* .rela.gnu.linkonce.sb.*)
 *(.rel.sdata2 .rel.sdata2.* .rel.gnu.linkonce.s2.*)
 *(.rela.sdata2 .rela.sdata2.* .rela.gnu.linkonce.s2.*)
 *(.rel.sbss2 .rel.sbss2.* .rel.gnu.linkonce.sb2.*)
 *(.rela.sbss2 .rela.sbss2.* .rela.gnu.linkonce.sb2.*)
 *(.rel.bss .rel.bss.* .rel.gnu.linkonce.b.*)
 *(.rela.bss .rela.bss.* .rela.gnu.linkonce.b.*)
 *(.rel.plt)
 *(.rela.plt)
 *(.rel.dyn)
 *(.init)
 *(.plt)
 *(.text .stub .text.* .gnu.linkonce.t.*)
 .text          0x00010020       0x3c ../DMA_TEST_bsp//obj/HAL/src/crt0.o
                0x00010020                _start
 .text          0x0001005c      0x120 obj/default/hello_world.o
                0x0001005c                handlerStatus
                0x000100cc                main
 .text          0x0001017c       0x98 c:/users/asus/downloads/quatus/nios2eds/bin/gnu/h-i686-mingw32/bin/../lib/gcc/nios2-elf/4.1.2/../../../../nios2-elf/lib/mno-hw-mul\libsmallc.a(lib_a-printf.o)
                0x0001017c                printf
                0x000101d0                _printf_r
 .text          0x00010214      0x740 c:/users/asus/downloads/quatus/nios2eds/bin/gnu/h-i686-mingw32/bin/../lib/gcc/nios2-elf/4.1.2/../../../../nios2-elf/lib/mno-hw-mul\libsmallc.a(lib_a-vfprintf.o)
                0x00010294                ___vfprintf_internal_r
                0x00010930                __vfprintf_internal
 .text          0x00010954       0xbc c:/users/asus/downloads/quatus/nios2eds/bin/gnu/h-i686-mingw32/bin/../lib/gcc/nios2-elf/4.1.2/../../../../nios2-elf/lib/mno-hw-mul\libsmallc.a(lib_a-fvwrite_small_dev.o)
                0x00010954                __sfvwrite_small_dev
 .text          0x00010a10        0x0 c:/users/asus/downloads/quatus/nios2eds/bin/gnu/h-i686-mingw32/bin/../lib/gcc/nios2-elf/4.1.2/../../../../nios2-elf/lib/mno-hw-mul\libsmallc.a(lib_a-impure.o)
 .text          0x00010a10       0x20 c:/users/asus/downloads/quatus/nios2eds/bin/gnu/h-i686-mingw32/bin/../lib/gcc/nios2-elf/4.1.2/../../../../nios2-elf/lib/mno-hw-mul\libsmallc.a(lib_a-strlen.o)
                0x00010a10                strlen
 .text          0x00010a30       0x78 c:/users/asus/downloads/quatus/nios2eds/bin/gnu/h-i686-mingw32/bin/../lib/gcc/nios2-elf/4.1.2/../../../../nios2-elf/lib/mno-hw-mul\libsmallc.a(lib_a-writer.o)
                0x00010a30                _write_r
 .text          0x00010aa8        0x0 c:/users/asus/downloads/quatus/nios2eds/bin/gnu/h-i686-mingw32/bin/../lib/gcc/nios2-elf/4.1.2/../../../../nios2-elf/lib/mno-hw-mul\libsmallc.a(lib_a-int_errno.o)
 .text          0x00010aa8      0x14c c:/users/asus/downloads/quatus/nios2eds/bin/gnu/h-i686-mingw32/bin/../lib/gcc/nios2-elf/4.1.2/mno-hw-mul\libgcc.a(lib2-divmod.o)
                0x00010b24                __divsi3
                0x00010b84                __modsi3
                0x00010be4                __udivsi3
                0x00010bec                __umodsi3
 .text          0x00010bf4       0x38 c:/users/asus/downloads/quatus/nios2eds/bin/gnu/h-i686-mingw32/bin/../lib/gcc/nios2-elf/4.1.2/mno-hw-mul\libgcc.a(lib2-mul.o)
                0x00010bf4                __mulsi3
 .text          0x00010c2c       0x8c ../DMA_TEST_bsp/\libhal_bsp.a(alt_load.o)
                0x00010c4c                alt_load
 .text          0x00010cb8       0x50 ../DMA_TEST_bsp/\libhal_bsp.a(alt_main.o)
                0x00010cb8                alt_main
 .text          0x00010d08       0xd4 ../DMA_TEST_bsp/\libhal_bsp.a(alt_write.o)
                0x00010d28                write
 .text          0x00010ddc       0x34 ../DMA_TEST_bsp/\libhal_bsp.a(alt_sys_init.o)
                0x00010ddc                alt_sys_init
                0x00010df0                alt_irq_init
 .text          0x00010e10       0x20 ../DMA_TEST_bsp/\libhal_bsp.a(altera_avalon_jtag_uart_fd.o)
                0x00010e10                altera_avalon_jtag_uart_write_fd
                0x00010e20                altera_avalon_jtag_uart_read_fd
 .text          0x00010e30       0x60 ../DMA_TEST_bsp/\libhal_bsp.a(altera_avalon_jtag_uart_read.o)
                0x00010e30                altera_avalon_jtag_uart_read
 .text          0x00010e90       0x34 ../DMA_TEST_bsp/\libhal_bsp.a(altera_avalon_jtag_uart_write.o)
                0x00010e90                altera_avalon_jtag_uart_write
 .text          0x00010ec4       0xbc ../DMA_TEST_bsp/\libhal_bsp.a(alt_close.o)
                0x00010ee4                close
 .text          0x00010f80        0x4 ../DMA_TEST_bsp/\libhal_bsp.a(alt_dcache_flush_all.o)
                0x00010f80                alt_dcache_flush_all
 .text          0x00010f84        0x8 ../DMA_TEST_bsp/\libhal_bsp.a(alt_dev.o)
 .text          0x00010f8c       0x70 ../DMA_TEST_bsp/\libhal_bsp.a(alt_dev_llist_insert.o)
                0x00010f8c                alt_dev_llist_insert
 .text          0x00010ffc        0x0 ../DMA_TEST_bsp/\libhal_bsp.a(alt_errno.o)
 .text          0x00010ffc        0x4 ../DMA_TEST_bsp/\libhal_bsp.a(alt_icache_flush_all.o)
                0x00010ffc                alt_icache_flush_all
 .text          0x00011000      0x114 ../DMA_TEST_bsp/\libhal_bsp.a(alt_io_redirect.o)
                0x00011088                alt_io_redirect
 .text          0x00011114      0x17c ../DMA_TEST_bsp/\libhal_bsp.a(alt_open.o)
                0x00011114                open
 .text          0x00011290       0x5c ../DMA_TEST_bsp/\libhal_bsp.a(alt_release_fd.o)
                0x00011290                alt_release_fd
 .text          0x000112ec        0x8 ../DMA_TEST_bsp/\libhal_bsp.a(altera_nios2_qsys_irq.o)
                0x000112ec                altera_nios2_qsys_irq_init
 .text          0x000112f4       0x70 ../DMA_TEST_bsp/\libhal_bsp.a(alt_find_dev.o)
                0x000112f4                alt_find_dev
 .text          0x00011364       0x9c ../DMA_TEST_bsp/\libhal_bsp.a(alt_find_file.o)
                0x00011364                alt_find_file
 .text          0x00011400       0x5c ../DMA_TEST_bsp/\libhal_bsp.a(alt_get_fd.o)
                0x00011400                alt_get_fd
 .text          0x0001145c       0x20 c:/users/asus/downloads/quatus/nios2eds/bin/gnu/h-i686-mingw32/bin/../lib/gcc/nios2-elf/4.1.2/../../../../nios2-elf/lib/mno-hw-mul\libsmallc.a(lib_a-exit.o)
                0x0001145c                exit
 .text          0x0001147c       0x3c c:/users/asus/downloads/quatus/nios2eds/bin/gnu/h-i686-mingw32/bin/../lib/gcc/nios2-elf/4.1.2/../../../../nios2-elf/lib/mno-hw-mul\libsmallc.a(lib_a-memcmp.o)
                0x0001147c                memcmp
 .text          0x000114b8      0x1c0 c:/users/asus/downloads/quatus/nios2eds/bin/gnu/h-i686-mingw32/bin/../lib/gcc/nios2-elf/4.1.2/../../../../nios2-elf/lib/mno-hw-mul\libsmallc.a(lib_a-__call_atexit.o)
                0x000114bc                __call_exitprocs
 .text          0x00011678       0x14 ../DMA_TEST_bsp/\libhal_bsp.a(alt_exit.o)
                0x00011678                _exit
 *(.gnu.warning.*)
 *(.fini)
                0x0001168c                PROVIDE (__etext, ABSOLUTE (.))
                0x0001168c                PROVIDE (_etext, ABSOLUTE (.))
                0x0001168c                PROVIDE (etext, ABSOLUTE (.))
 *(.eh_frame_hdr)
                0x0001168c                . = ALIGN (0x4)
                0x0001168c                PROVIDE (__preinit_array_start, ABSOLUTE (.))
 *(.preinit_array)
                0x0001168c                PROVIDE (__preinit_array_end, ABSOLUTE (.))
                0x0001168c                PROVIDE (__init_array_start, ABSOLUTE (.))
 *(.init_array)
                0x0001168c                PROVIDE (__init_array_end, ABSOLUTE (.))
                0x0001168c                PROVIDE (__fini_array_start, ABSOLUTE (.))
 *(.fini_array)
                0x0001168c                PROVIDE (__fini_array_end, ABSOLUTE (.))
 *(.eh_frame)
 *(.gcc_except_table)
 *(.dynamic)
                0x0001168c                PROVIDE (__CTOR_LIST__, ABSOLUTE (.))
 *(.ctors)
 *(SORT(.ctors.*))
 .ctors.65535   0x0001168c        0x4 c:/users/asus/downloads/quatus/nios2eds/bin/gnu/h-i686-mingw32/bin/../lib/gcc/nios2-elf/4.1.2/../../../../nios2-elf/lib/mno-hw-mul\libsmallc.a(lib_a-__call_atexit.o)
                0x00011690                PROVIDE (__CTOR_END__, ABSOLUTE (.))
                0x00011690                PROVIDE (__DTOR_LIST__, ABSOLUTE (.))
 *(.dtors)
 *(SORT(.dtors.*))
                0x00011690                PROVIDE (__DTOR_END__, ABSOLUTE (.))
 *(.jcr)
                0x00011690                . = ALIGN (0x4)

.rodata         0x00011690       0x30
                0x00011690                PROVIDE (__ram_rodata_start, ABSOLUTE (.))
                0x00011690                . = ALIGN (0x4)
 *(.rodata .rodata.* .gnu.linkonce.r.*)
 .rodata        0x00011690       0x10 obj/default/hello_world.o
 .rodata.str1.4
                0x000116a0       0x11 ../DMA_TEST_bsp/\libhal_bsp.a(alt_main.o)
                                 0x14 (size before relaxing)
 .rodata.str1.4
                0x00000000       0x14 ../DMA_TEST_bsp/\libhal_bsp.a(alt_sys_init.o)
 *fill*         0x000116b1        0x3 00
 .rodata.str1.4
                0x000116b4        0xc ../DMA_TEST_bsp/\libhal_bsp.a(alt_dev.o)
 *(.rodata1)
                0x000116c0                . = ALIGN (0x4)
                0x000116c0                PROVIDE (__ram_rodata_end, ABSOLUTE (.))
                0x00011690                PROVIDE (__flash_rodata_start, LOADADDR (.rodata))

.rwdata         0x000116c0      0x308 load address 0x000119c8
                0x000116c0                PROVIDE (__ram_rwdata_start, ABSOLUTE (.))
                0x000116c0                . = ALIGN (0x4)
 *(.got.plt)
 *(.got)
 *(.data1)
 *(.data .data.* .gnu.linkonce.d.*)
 .data          0x000116c0        0x0 ../DMA_TEST_bsp//obj/HAL/src/crt0.o
 .data          0x000116c0       0x20 obj/default/hello_world.o
                0x000116c0                pdata0
 .data          0x000116e0        0x0 c:/users/asus/downloads/quatus/nios2eds/bin/gnu/h-i686-mingw32/bin/../lib/gcc/nios2-elf/4.1.2/../../../../nios2-elf/lib/mno-hw-mul\libsmallc.a(lib_a-printf.o)
 .data          0x000116e0        0x0 c:/users/asus/downloads/quatus/nios2eds/bin/gnu/h-i686-mingw32/bin/../lib/gcc/nios2-elf/4.1.2/../../../../nios2-elf/lib/mno-hw-mul\libsmallc.a(lib_a-vfprintf.o)
 .data          0x000116e0        0x0 c:/users/asus/downloads/quatus/nios2eds/bin/gnu/h-i686-mingw32/bin/../lib/gcc/nios2-elf/4.1.2/../../../../nios2-elf/lib/mno-hw-mul\libsmallc.a(lib_a-fvwrite_small_dev.o)
 .data          0x000116e0       0xe0 c:/users/asus/downloads/quatus/nios2eds/bin/gnu/h-i686-mingw32/bin/../lib/gcc/nios2-elf/4.1.2/../../../../nios2-elf/lib/mno-hw-mul\libsmallc.a(lib_a-impure.o)
 .data          0x000117c0        0x0 c:/users/asus/downloads/quatus/nios2eds/bin/gnu/h-i686-mingw32/bin/../lib/gcc/nios2-elf/4.1.2/../../../../nios2-elf/lib/mno-hw-mul\libsmallc.a(lib_a-strlen.o)
 .data          0x000117c0        0x0 c:/users/asus/downloads/quatus/nios2eds/bin/gnu/h-i686-mingw32/bin/../lib/gcc/nios2-elf/4.1.2/../../../../nios2-elf/lib/mno-hw-mul\libsmallc.a(lib_a-writer.o)
 .data          0x000117c0        0x0 c:/users/asus/downloads/quatus/nios2eds/bin/gnu/h-i686-mingw32/bin/../lib/gcc/nios2-elf/4.1.2/../../../../nios2-elf/lib/mno-hw-mul\libsmallc.a(lib_a-int_errno.o)
 .data          0x000117c0        0x0 c:/users/asus/downloads/quatus/nios2eds/bin/gnu/h-i686-mingw32/bin/../lib/gcc/nios2-elf/4.1.2/mno-hw-mul\libgcc.a(lib2-divmod.o)
 .data          0x000117c0        0x0 c:/users/asus/downloads/quatus/nios2eds/bin/gnu/h-i686-mingw32/bin/../lib/gcc/nios2-elf/4.1.2/mno-hw-mul\libgcc.a(lib2-mul.o)
 .data          0x000117c0        0x0 ../DMA_TEST_bsp/\libhal_bsp.a(alt_load.o)
 .data          0x000117c0        0x0 ../DMA_TEST_bsp/\libhal_bsp.a(alt_main.o)
 .data          0x000117c0        0x0 ../DMA_TEST_bsp/\libhal_bsp.a(alt_write.o)
 .data          0x000117c0       0x2c ../DMA_TEST_bsp/\libhal_bsp.a(alt_sys_init.o)
 .data          0x000117ec        0x0 ../DMA_TEST_bsp/\libhal_bsp.a(altera_avalon_jtag_uart_fd.o)
 .data          0x000117ec        0x0 ../DMA_TEST_bsp/\libhal_bsp.a(altera_avalon_jtag_uart_read.o)
 .data          0x000117ec        0x0 ../DMA_TEST_bsp/\libhal_bsp.a(altera_avalon_jtag_uart_write.o)
 .data          0x000117ec        0x0 ../DMA_TEST_bsp/\libhal_bsp.a(alt_close.o)
 .data          0x000117ec        0x0 ../DMA_TEST_bsp/\libhal_bsp.a(alt_dcache_flush_all.o)
 .data          0x000117ec      0x1a8 ../DMA_TEST_bsp/\libhal_bsp.a(alt_dev.o)
                0x000117ec                alt_dev_null
                0x00011814                alt_fd_list
 .data          0x00011994        0x0 ../DMA_TEST_bsp/\libhal_bsp.a(alt_dev_llist_insert.o)
 .data          0x00011994        0x0 ../DMA_TEST_bsp/\libhal_bsp.a(alt_errno.o)
 .data          0x00011994        0x0 ../DMA_TEST_bsp/\libhal_bsp.a(alt_icache_flush_all.o)
 .data          0x00011994        0x0 ../DMA_TEST_bsp/\libhal_bsp.a(alt_io_redirect.o)
 .data          0x00011994        0x0 ../DMA_TEST_bsp/\libhal_bsp.a(alt_open.o)
 .data          0x00011994        0x0 ../DMA_TEST_bsp/\libhal_bsp.a(alt_release_fd.o)
 .data          0x00011994        0x0 ../DMA_TEST_bsp/\libhal_bsp.a(altera_nios2_qsys_irq.o)
 .data          0x00011994        0x0 ../DMA_TEST_bsp/\libhal_bsp.a(alt_find_dev.o)
 .data          0x00011994        0x0 ../DMA_TEST_bsp/\libhal_bsp.a(alt_find_file.o)
 .data          0x00011994        0x0 ../DMA_TEST_bsp/\libhal_bsp.a(alt_get_fd.o)
 .data          0x00011994        0x0 c:/users/asus/downloads/quatus/nios2eds/bin/gnu/h-i686-mingw32/bin/../lib/gcc/nios2-elf/4.1.2/../../../../nios2-elf/lib/mno-hw-mul\libsmallc.a(lib_a-exit.o)
 .data          0x00011994        0x0 c:/users/asus/downloads/quatus/nios2eds/bin/gnu/h-i686-mingw32/bin/../lib/gcc/nios2-elf/4.1.2/../../../../nios2-elf/lib/mno-hw-mul\libsmallc.a(lib_a-memcmp.o)
 .data          0x00011994        0x0 c:/users/asus/downloads/quatus/nios2eds/bin/gnu/h-i686-mingw32/bin/../lib/gcc/nios2-elf/4.1.2/../../../../nios2-elf/lib/mno-hw-mul\libsmallc.a(lib_a-__call_atexit.o)
 .data          0x00011994        0x0 ../DMA_TEST_bsp/\libhal_bsp.a(alt_exit.o)
                0x00019994                _gp = ABSOLUTE ((. + 0x8000))
                0x00019994                PROVIDE (gp, _gp)
 *(.rwdata .rwdata.*)
 *(.sdata .sdata.* .gnu.linkonce.s.*)
 .sdata         0x00011994       0x14 obj/default/hello_world.o
                0x00011994                length
                0x00011998                control
                0x0001199c                readLength
                0x000119a0                enable
                0x000119a4                pdata1
 .sdata         0x000119a8        0x8 c:/users/asus/downloads/quatus/nios2eds/bin/gnu/h-i686-mingw32/bin/../lib/gcc/nios2-elf/4.1.2/../../../../nios2-elf/lib/mno-hw-mul\libsmallc.a(lib_a-impure.o)
                0x000119a8                _impure_ptr
                0x000119ac                _global_impure_ptr
 .sdata         0x000119b0       0x14 ../DMA_TEST_bsp/\libhal_bsp.a(alt_dev.o)
                0x000119b0                alt_fs_list
                0x000119b8                alt_dev_list
                0x000119c0                alt_max_fd
 .sdata         0x000119c4        0x4 ../DMA_TEST_bsp/\libhal_bsp.a(alt_errno.o)
                0x000119c4                alt_errno
 *(.sdata2 .sdata2.* .gnu.linkonce.s2.*)
                0x000119c8                . = ALIGN (0x4)
                0x000119c8                _edata = ABSOLUTE (.)
                0x000119c8                PROVIDE (edata, ABSOLUTE (.))
                0x000119c8                PROVIDE (__ram_rwdata_end, ABSOLUTE (.))
                0x000119c8                PROVIDE (__flash_rwdata_start, LOADADDR (.rwdata))

.bss            0x00011cd0       0x10
                0x00011cd0                __bss_start = ABSOLUTE (.)
                0x00011cd0                PROVIDE (__sbss_start, ABSOLUTE (.))
                0x00011cd0                PROVIDE (___sbss_start, ABSOLUTE (.))
 *(.dynsbss)
 *(.sbss .sbss.* .gnu.linkonce.sb.*)
 .sbss          0x00011cd0        0x4 c:/users/asus/downloads/quatus/nios2eds/bin/gnu/h-i686-mingw32/bin/../lib/gcc/nios2-elf/4.1.2/../../../../nios2-elf/lib/mno-hw-mul\libsmallc.a(lib_a-int_errno.o)
                0x00011cd0                errno
 .sbss          0x00011cd4        0xc ../DMA_TEST_bsp/\libhal_bsp.a(alt_main.o)
                0x00011cd4                alt_argc
                0x00011cd8                alt_argv
                0x00011cdc                alt_envp
 *(.sbss2 .sbss2.* .gnu.linkonce.sb2.*)
 *(.scommon)
                0x00011ce0                PROVIDE (__sbss_end, ABSOLUTE (.))
                0x00011ce0                PROVIDE (___sbss_end, ABSOLUTE (.))
 *(.dynbss)
 *(.bss .bss.* .gnu.linkonce.b.*)
 .bss           0x00011ce0        0x0 ../DMA_TEST_bsp//obj/HAL/src/crt0.o
 .bss           0x00011ce0        0x0 obj/default/hello_world.o
 .bss           0x00011ce0        0x0 c:/users/asus/downloads/quatus/nios2eds/bin/gnu/h-i686-mingw32/bin/../lib/gcc/nios2-elf/4.1.2/../../../../nios2-elf/lib/mno-hw-mul\libsmallc.a(lib_a-printf.o)
 .bss           0x00011ce0        0x0 c:/users/asus/downloads/quatus/nios2eds/bin/gnu/h-i686-mingw32/bin/../lib/gcc/nios2-elf/4.1.2/../../../../nios2-elf/lib/mno-hw-mul\libsmallc.a(lib_a-vfprintf.o)
 .bss           0x00011ce0        0x0 c:/users/asus/downloads/quatus/nios2eds/bin/gnu/h-i686-mingw32/bin/../lib/gcc/nios2-elf/4.1.2/../../../../nios2-elf/lib/mno-hw-mul\libsmallc.a(lib_a-fvwrite_small_dev.o)
 .bss           0x00011ce0        0x0 c:/users/asus/downloads/quatus/nios2eds/bin/gnu/h-i686-mingw32/bin/../lib/gcc/nios2-elf/4.1.2/../../../../nios2-elf/lib/mno-hw-mul\libsmallc.a(lib_a-impure.o)
 .bss           0x00011ce0        0x0 c:/users/asus/downloads/quatus/nios2eds/bin/gnu/h-i686-mingw32/bin/../lib/gcc/nios2-elf/4.1.2/../../../../nios2-elf/lib/mno-hw-mul\libsmallc.a(lib_a-strlen.o)
 .bss           0x00011ce0        0x0 c:/users/asus/downloads/quatus/nios2eds/bin/gnu/h-i686-mingw32/bin/../lib/gcc/nios2-elf/4.1.2/../../../../nios2-elf/lib/mno-hw-mul\libsmallc.a(lib_a-writer.o)
 .bss           0x00011ce0        0x0 c:/users/asus/downloads/quatus/nios2eds/bin/gnu/h-i686-mingw32/bin/../lib/gcc/nios2-elf/4.1.2/../../../../nios2-elf/lib/mno-hw-mul\libsmallc.a(lib_a-int_errno.o)
 .bss           0x00011ce0        0x0 c:/users/asus/downloads/quatus/nios2eds/bin/gnu/h-i686-mingw32/bin/../lib/gcc/nios2-elf/4.1.2/mno-hw-mul\libgcc.a(lib2-divmod.o)
 .bss           0x00011ce0        0x0 c:/users/asus/downloads/quatus/nios2eds/bin/gnu/h-i686-mingw32/bin/../lib/gcc/nios2-elf/4.1.2/mno-hw-mul\libgcc.a(lib2-mul.o)
 .bss           0x00011ce0        0x0 ../DMA_TEST_bsp/\libhal_bsp.a(alt_load.o)
 .bss           0x00011ce0        0x0 ../DMA_TEST_bsp/\libhal_bsp.a(alt_main.o)
 .bss           0x00011ce0        0x0 ../DMA_TEST_bsp/\libhal_bsp.a(alt_write.o)
 .bss           0x00011ce0        0x0 ../DMA_TEST_bsp/\libhal_bsp.a(alt_sys_init.o)
 .bss           0x00011ce0        0x0 ../DMA_TEST_bsp/\libhal_bsp.a(altera_avalon_jtag_uart_fd.o)
 .bss           0x00011ce0        0x0 ../DMA_TEST_bsp/\libhal_bsp.a(altera_avalon_jtag_uart_read.o)
 .bss           0x00011ce0        0x0 ../DMA_TEST_bsp/\libhal_bsp.a(altera_avalon_jtag_uart_write.o)
 .bss           0x00011ce0        0x0 ../DMA_TEST_bsp/\libhal_bsp.a(alt_close.o)
 .bss           0x00011ce0        0x0 ../DMA_TEST_bsp/\libhal_bsp.a(alt_dcache_flush_all.o)
 .bss           0x00011ce0        0x0 ../DMA_TEST_bsp/\libhal_bsp.a(alt_dev.o)
 .bss           0x00011ce0        0x0 ../DMA_TEST_bsp/\libhal_bsp.a(alt_dev_llist_insert.o)
 .bss           0x00011ce0        0x0 ../DMA_TEST_bsp/\libhal_bsp.a(alt_errno.o)
 .bss           0x00011ce0        0x0 ../DMA_TEST_bsp/\libhal_bsp.a(alt_icache_flush_all.o)
 .bss           0x00011ce0        0x0 ../DMA_TEST_bsp/\libhal_bsp.a(alt_io_redirect.o)
 .bss           0x00011ce0        0x0 ../DMA_TEST_bsp/\libhal_bsp.a(alt_open.o)
 .bss           0x00011ce0        0x0 ../DMA_TEST_bsp/\libhal_bsp.a(alt_release_fd.o)
 .bss           0x00011ce0        0x0 ../DMA_TEST_bsp/\libhal_bsp.a(altera_nios2_qsys_irq.o)
 .bss           0x00011ce0        0x0 ../DMA_TEST_bsp/\libhal_bsp.a(alt_find_dev.o)
 .bss           0x00011ce0        0x0 ../DMA_TEST_bsp/\libhal_bsp.a(alt_find_file.o)
 .bss           0x00011ce0        0x0 ../DMA_TEST_bsp/\libhal_bsp.a(alt_get_fd.o)
 .bss           0x00011ce0        0x0 c:/users/asus/downloads/quatus/nios2eds/bin/gnu/h-i686-mingw32/bin/../lib/gcc/nios2-elf/4.1.2/../../../../nios2-elf/lib/mno-hw-mul\libsmallc.a(lib_a-exit.o)
 .bss           0x00011ce0        0x0 c:/users/asus/downloads/quatus/nios2eds/bin/gnu/h-i686-mingw32/bin/../lib/gcc/nios2-elf/4.1.2/../../../../nios2-elf/lib/mno-hw-mul\libsmallc.a(lib_a-memcmp.o)
 .bss           0x00011ce0        0x0 c:/users/asus/downloads/quatus/nios2eds/bin/gnu/h-i686-mingw32/bin/../lib/gcc/nios2-elf/4.1.2/../../../../nios2-elf/lib/mno-hw-mul\libsmallc.a(lib_a-__call_atexit.o)
 .bss           0x00011ce0        0x0 ../DMA_TEST_bsp/\libhal_bsp.a(alt_exit.o)
 *(COMMON)
                0x00011ce0                . = ALIGN (0x4)
                0x00011ce0                __bss_end = ABSOLUTE (.)

.onchip_memory2_0
                0x00011ce0        0x0
                0x00011ce0                PROVIDE (_alt_partition_onchip_memory2_0_start, ABSOLUTE (.))
 *(.onchip_memory2_0. onchip_memory2_0.*)
                0x00011ce0                . = ALIGN (0x4)
                0x00011ce0                PROVIDE (_alt_partition_onchip_memory2_0_end, ABSOLUTE (.))
                0x00011ce0                _end = ABSOLUTE (.)
                0x00011ce0                end = ABSOLUTE (.)
                0x00011ce0                __alt_stack_base = ABSOLUTE (.)
                0x00011ce0                PROVIDE (_alt_partition_onchip_memory2_0_load_addr, LOADADDR (.onchip_memory2_0))

.onchip_memory2_1
                0x00021000        0x0 load address 0x00011ce0
                0x00021000                PROVIDE (_alt_partition_onchip_memory2_1_start, ABSOLUTE (.))
 *(.onchip_memory2_1. onchip_memory2_1.*)
                0x00021000                . = ALIGN (0x4)
                0x00021000                PROVIDE (_alt_partition_onchip_memory2_1_end, ABSOLUTE (.))
                0x00011ce0                PROVIDE (_alt_partition_onchip_memory2_1_load_addr, LOADADDR (.onchip_memory2_1))

.stab
 *(.stab)

.stabstr
 *(.stabstr)

.stab.excl
 *(.stab.excl)

.stab.exclstr
 *(.stab.exclstr)

.stab.index
 *(.stab.index)

.stab.indexstr
 *(.stab.indexstr)

.comment        0x00000000       0x26
 *(.comment)
 .comment       0x00000000       0x26 obj/default/hello_world.o
                                 0x27 (size before relaxing)
 .comment       0x00000000       0x27 c:/users/asus/downloads/quatus/nios2eds/bin/gnu/h-i686-mingw32/bin/../lib/gcc/nios2-elf/4.1.2/../../../../nios2-elf/lib/mno-hw-mul\libsmallc.a(lib_a-printf.o)
 .comment       0x00000000       0x27 c:/users/asus/downloads/quatus/nios2eds/bin/gnu/h-i686-mingw32/bin/../lib/gcc/nios2-elf/4.1.2/../../../../nios2-elf/lib/mno-hw-mul\libsmallc.a(lib_a-vfprintf.o)
 .comment       0x00000000       0x27 c:/users/asus/downloads/quatus/nios2eds/bin/gnu/h-i686-mingw32/bin/../lib/gcc/nios2-elf/4.1.2/../../../../nios2-elf/lib/mno-hw-mul\libsmallc.a(lib_a-fvwrite_small_dev.o)
 .comment       0x00000000       0x27 c:/users/asus/downloads/quatus/nios2eds/bin/gnu/h-i686-mingw32/bin/../lib/gcc/nios2-elf/4.1.2/../../../../nios2-elf/lib/mno-hw-mul\libsmallc.a(lib_a-impure.o)
 .comment       0x00000000       0x27 c:/users/asus/downloads/quatus/nios2eds/bin/gnu/h-i686-mingw32/bin/../lib/gcc/nios2-elf/4.1.2/../../../../nios2-elf/lib/mno-hw-mul\libsmallc.a(lib_a-strlen.o)
 .comment       0x00000000       0x27 c:/users/asus/downloads/quatus/nios2eds/bin/gnu/h-i686-mingw32/bin/../lib/gcc/nios2-elf/4.1.2/../../../../nios2-elf/lib/mno-hw-mul\libsmallc.a(lib_a-writer.o)
 .comment       0x00000000       0x27 c:/users/asus/downloads/quatus/nios2eds/bin/gnu/h-i686-mingw32/bin/../lib/gcc/nios2-elf/4.1.2/../../../../nios2-elf/lib/mno-hw-mul\libsmallc.a(lib_a-int_errno.o)
 .comment       0x00000000       0x27 c:/users/asus/downloads/quatus/nios2eds/bin/gnu/h-i686-mingw32/bin/../lib/gcc/nios2-elf/4.1.2/mno-hw-mul\libgcc.a(lib2-divmod.o)
 .comment       0x00000000       0x27 c:/users/asus/downloads/quatus/nios2eds/bin/gnu/h-i686-mingw32/bin/../lib/gcc/nios2-elf/4.1.2/mno-hw-mul\libgcc.a(lib2-mul.o)
 .comment       0x00000000       0x27 ../DMA_TEST_bsp/\libhal_bsp.a(alt_load.o)
 .comment       0x00000000       0x27 ../DMA_TEST_bsp/\libhal_bsp.a(alt_main.o)
 .comment       0x00000000       0x27 ../DMA_TEST_bsp/\libhal_bsp.a(alt_write.o)
 .comment       0x00000000       0x27 ../DMA_TEST_bsp/\libhal_bsp.a(alt_sys_init.o)
 .comment       0x00000000       0x27 ../DMA_TEST_bsp/\libhal_bsp.a(altera_avalon_jtag_uart_fd.o)
 .comment       0x00000000       0x27 ../DMA_TEST_bsp/\libhal_bsp.a(altera_avalon_jtag_uart_read.o)
 .comment       0x00000000       0x27 ../DMA_TEST_bsp/\libhal_bsp.a(altera_avalon_jtag_uart_write.o)
 .comment       0x00000000       0x27 ../DMA_TEST_bsp/\libhal_bsp.a(alt_close.o)
 .comment       0x00000000       0x27 ../DMA_TEST_bsp/\libhal_bsp.a(alt_dcache_flush_all.o)
 .comment       0x00000000       0x27 ../DMA_TEST_bsp/\libhal_bsp.a(alt_dev.o)
 .comment       0x00000000       0x27 ../DMA_TEST_bsp/\libhal_bsp.a(alt_dev_llist_insert.o)
 .comment       0x00000000       0x27 ../DMA_TEST_bsp/\libhal_bsp.a(alt_errno.o)
 .comment       0x00000000       0x27 ../DMA_TEST_bsp/\libhal_bsp.a(alt_icache_flush_all.o)
 .comment       0x00000000       0x27 ../DMA_TEST_bsp/\libhal_bsp.a(alt_io_redirect.o)
 .comment       0x00000000       0x27 ../DMA_TEST_bsp/\libhal_bsp.a(alt_open.o)
 .comment       0x00000000       0x27 ../DMA_TEST_bsp/\libhal_bsp.a(alt_release_fd.o)
 .comment       0x00000000       0x27 ../DMA_TEST_bsp/\libhal_bsp.a(altera_nios2_qsys_irq.o)
 .comment       0x00000000       0x27 ../DMA_TEST_bsp/\libhal_bsp.a(alt_find_dev.o)
 .comment       0x00000000       0x27 ../DMA_TEST_bsp/\libhal_bsp.a(alt_find_file.o)
 .comment       0x00000000       0x27 ../DMA_TEST_bsp/\libhal_bsp.a(alt_get_fd.o)
 .comment       0x00000000       0x27 c:/users/asus/downloads/quatus/nios2eds/bin/gnu/h-i686-mingw32/bin/../lib/gcc/nios2-elf/4.1.2/../../../../nios2-elf/lib/mno-hw-mul\libsmallc.a(lib_a-exit.o)
 .comment       0x00000000       0x27 c:/users/asus/downloads/quatus/nios2eds/bin/gnu/h-i686-mingw32/bin/../lib/gcc/nios2-elf/4.1.2/../../../../nios2-elf/lib/mno-hw-mul\libsmallc.a(lib_a-memcmp.o)
 .comment       0x00000000       0x27 c:/users/asus/downloads/quatus/nios2eds/bin/gnu/h-i686-mingw32/bin/../lib/gcc/nios2-elf/4.1.2/../../../../nios2-elf/lib/mno-hw-mul\libsmallc.a(lib_a-__call_atexit.o)
 .comment       0x00000000       0x27 ../DMA_TEST_bsp/\libhal_bsp.a(alt_exit.o)

.debug
 *(.debug)

.line
 *(.line)

.debug_srcinfo
 *(.debug_srcinfo)

.debug_sfnames
 *(.debug_sfnames)

.debug_aranges  0x00000000      0x408
 *(.debug_aranges)
 .debug_aranges
                0x00000000       0x28 ../DMA_TEST_bsp//obj/HAL/src/crt0.o
 .debug_aranges
                0x00000028       0x20 obj/default/hello_world.o
 .debug_aranges
                0x00000048       0x20 c:/users/asus/downloads/quatus/nios2eds/bin/gnu/h-i686-mingw32/bin/../lib/gcc/nios2-elf/4.1.2/../../../../nios2-elf/lib/mno-hw-mul\libsmallc.a(lib_a-printf.o)
 .debug_aranges
                0x00000068       0x20 c:/users/asus/downloads/quatus/nios2eds/bin/gnu/h-i686-mingw32/bin/../lib/gcc/nios2-elf/4.1.2/../../../../nios2-elf/lib/mno-hw-mul\libsmallc.a(lib_a-vfprintf.o)
 .debug_aranges
                0x00000088       0x20 c:/users/asus/downloads/quatus/nios2eds/bin/gnu/h-i686-mingw32/bin/../lib/gcc/nios2-elf/4.1.2/../../../../nios2-elf/lib/mno-hw-mul\libsmallc.a(lib_a-fvwrite_small_dev.o)
 .debug_aranges
                0x000000a8       0x20 c:/users/asus/downloads/quatus/nios2eds/bin/gnu/h-i686-mingw32/bin/../lib/gcc/nios2-elf/4.1.2/../../../../nios2-elf/lib/mno-hw-mul\libsmallc.a(lib_a-strlen.o)
 .debug_aranges
                0x000000c8       0x20 c:/users/asus/downloads/quatus/nios2eds/bin/gnu/h-i686-mingw32/bin/../lib/gcc/nios2-elf/4.1.2/../../../../nios2-elf/lib/mno-hw-mul\libsmallc.a(lib_a-writer.o)
 .debug_aranges
                0x000000e8       0x20 c:/users/asus/downloads/quatus/nios2eds/bin/gnu/h-i686-mingw32/bin/../lib/gcc/nios2-elf/4.1.2/mno-hw-mul\libgcc.a(lib2-divmod.o)
 .debug_aranges
                0x00000108       0x20 c:/users/asus/downloads/quatus/nios2eds/bin/gnu/h-i686-mingw32/bin/../lib/gcc/nios2-elf/4.1.2/mno-hw-mul\libgcc.a(lib2-mul.o)
 .debug_aranges
                0x00000128       0x20 ../DMA_TEST_bsp/\libhal_bsp.a(alt_load.o)
 .debug_aranges
                0x00000148       0x20 ../DMA_TEST_bsp/\libhal_bsp.a(alt_main.o)
 .debug_aranges
                0x00000168       0x20 ../DMA_TEST_bsp/\libhal_bsp.a(alt_write.o)
 .debug_aranges
                0x00000188       0x20 ../DMA_TEST_bsp/\libhal_bsp.a(alt_sys_init.o)
 .debug_aranges
                0x000001a8       0x20 ../DMA_TEST_bsp/\libhal_bsp.a(altera_avalon_jtag_uart_fd.o)
 .debug_aranges
                0x000001c8       0x20 ../DMA_TEST_bsp/\libhal_bsp.a(altera_avalon_jtag_uart_read.o)
 .debug_aranges
                0x000001e8       0x20 ../DMA_TEST_bsp/\libhal_bsp.a(altera_avalon_jtag_uart_write.o)
 .debug_aranges
                0x00000208       0x20 ../DMA_TEST_bsp/\libhal_bsp.a(alt_close.o)
 .debug_aranges
                0x00000228       0x20 ../DMA_TEST_bsp/\libhal_bsp.a(alt_dcache_flush_all.o)
 .debug_aranges
                0x00000248       0x20 ../DMA_TEST_bsp/\libhal_bsp.a(alt_dev.o)
 .debug_aranges
                0x00000268       0x20 ../DMA_TEST_bsp/\libhal_bsp.a(alt_dev_llist_insert.o)
 .debug_aranges
                0x00000288       0x20 ../DMA_TEST_bsp/\libhal_bsp.a(alt_icache_flush_all.o)
 .debug_aranges
                0x000002a8       0x20 ../DMA_TEST_bsp/\libhal_bsp.a(alt_io_redirect.o)
 .debug_aranges
                0x000002c8       0x20 ../DMA_TEST_bsp/\libhal_bsp.a(alt_open.o)
 .debug_aranges
                0x000002e8       0x20 ../DMA_TEST_bsp/\libhal_bsp.a(alt_release_fd.o)
 .debug_aranges
                0x00000308       0x20 ../DMA_TEST_bsp/\libhal_bsp.a(altera_nios2_qsys_irq.o)
 .debug_aranges
                0x00000328       0x20 ../DMA_TEST_bsp/\libhal_bsp.a(alt_find_dev.o)
 .debug_aranges
                0x00000348       0x20 ../DMA_TEST_bsp/\libhal_bsp.a(alt_find_file.o)
 .debug_aranges
                0x00000368       0x20 ../DMA_TEST_bsp/\libhal_bsp.a(alt_get_fd.o)
 .debug_aranges
                0x00000388       0x20 c:/users/asus/downloads/quatus/nios2eds/bin/gnu/h-i686-mingw32/bin/../lib/gcc/nios2-elf/4.1.2/../../../../nios2-elf/lib/mno-hw-mul\libsmallc.a(lib_a-exit.o)
 .debug_aranges
                0x000003a8       0x20 c:/users/asus/downloads/quatus/nios2eds/bin/gnu/h-i686-mingw32/bin/../lib/gcc/nios2-elf/4.1.2/../../../../nios2-elf/lib/mno-hw-mul\libsmallc.a(lib_a-memcmp.o)
 .debug_aranges
                0x000003c8       0x20 c:/users/asus/downloads/quatus/nios2eds/bin/gnu/h-i686-mingw32/bin/../lib/gcc/nios2-elf/4.1.2/../../../../nios2-elf/lib/mno-hw-mul\libsmallc.a(lib_a-__call_atexit.o)
 .debug_aranges
                0x000003e8       0x20 ../DMA_TEST_bsp/\libhal_bsp.a(alt_exit.o)

.debug_pubnames
                0x00000000      0x618
 *(.debug_pubnames)
 .debug_pubnames
                0x00000000       0x74 obj/default/hello_world.o
 .debug_pubnames
                0x00000074       0x2b c:/users/asus/downloads/quatus/nios2eds/bin/gnu/h-i686-mingw32/bin/../lib/gcc/nios2-elf/4.1.2/../../../../nios2-elf/lib/mno-hw-mul\libsmallc.a(lib_a-printf.o)
 .debug_pubnames
                0x0000009f       0x45 c:/users/asus/downloads/quatus/nios2eds/bin/gnu/h-i686-mingw32/bin/../lib/gcc/nios2-elf/4.1.2/../../../../nios2-elf/lib/mno-hw-mul\libsmallc.a(lib_a-vfprintf.o)
 .debug_pubnames
                0x000000e4       0x2b c:/users/asus/downloads/quatus/nios2eds/bin/gnu/h-i686-mingw32/bin/../lib/gcc/nios2-elf/4.1.2/../../../../nios2-elf/lib/mno-hw-mul\libsmallc.a(lib_a-fvwrite_small_dev.o)
 .debug_pubnames
                0x0000010f       0x39 c:/users/asus/downloads/quatus/nios2eds/bin/gnu/h-i686-mingw32/bin/../lib/gcc/nios2-elf/4.1.2/../../../../nios2-elf/lib/mno-hw-mul\libsmallc.a(lib_a-impure.o)
 .debug_pubnames
                0x00000148       0x1d c:/users/asus/downloads/quatus/nios2eds/bin/gnu/h-i686-mingw32/bin/../lib/gcc/nios2-elf/4.1.2/../../../../nios2-elf/lib/mno-hw-mul\libsmallc.a(lib_a-strlen.o)
 .debug_pubnames
                0x00000165       0x1f c:/users/asus/downloads/quatus/nios2eds/bin/gnu/h-i686-mingw32/bin/../lib/gcc/nios2-elf/4.1.2/../../../../nios2-elf/lib/mno-hw-mul\libsmallc.a(lib_a-writer.o)
 .debug_pubnames
                0x00000184       0x1c c:/users/asus/downloads/quatus/nios2eds/bin/gnu/h-i686-mingw32/bin/../lib/gcc/nios2-elf/4.1.2/../../../../nios2-elf/lib/mno-hw-mul\libsmallc.a(lib_a-int_errno.o)
 .debug_pubnames
                0x000001a0       0x48 c:/users/asus/downloads/quatus/nios2eds/bin/gnu/h-i686-mingw32/bin/../lib/gcc/nios2-elf/4.1.2/mno-hw-mul\libgcc.a(lib2-divmod.o)
 .debug_pubnames
                0x000001e8       0x1f c:/users/asus/downloads/quatus/nios2eds/bin/gnu/h-i686-mingw32/bin/../lib/gcc/nios2-elf/4.1.2/mno-hw-mul\libgcc.a(lib2-mul.o)
 .debug_pubnames
                0x00000207       0x1f ../DMA_TEST_bsp/\libhal_bsp.a(alt_load.o)
 .debug_pubnames
                0x00000226       0x46 ../DMA_TEST_bsp/\libhal_bsp.a(alt_main.o)
 .debug_pubnames
                0x0000026c       0x1c ../DMA_TEST_bsp/\libhal_bsp.a(alt_write.o)
 .debug_pubnames
                0x00000288       0x34 ../DMA_TEST_bsp/\libhal_bsp.a(alt_sys_init.o)
 .debug_pubnames
                0x000002bc       0x5b ../DMA_TEST_bsp/\libhal_bsp.a(altera_avalon_jtag_uart_fd.o)
 .debug_pubnames
                0x00000317       0x33 ../DMA_TEST_bsp/\libhal_bsp.a(altera_avalon_jtag_uart_read.o)
 .debug_pubnames
                0x0000034a       0x34 ../DMA_TEST_bsp/\libhal_bsp.a(altera_avalon_jtag_uart_write.o)
 .debug_pubnames
                0x0000037e       0x1c ../DMA_TEST_bsp/\libhal_bsp.a(alt_close.o)
 .debug_pubnames
                0x0000039a       0x2b ../DMA_TEST_bsp/\libhal_bsp.a(alt_dcache_flush_all.o)
 .debug_pubnames
                0x000003c5       0x63 ../DMA_TEST_bsp/\libhal_bsp.a(alt_dev.o)
 .debug_pubnames
                0x00000428       0x2b ../DMA_TEST_bsp/\libhal_bsp.a(alt_dev_llist_insert.o)
 .debug_pubnames
                0x00000453       0x20 ../DMA_TEST_bsp/\libhal_bsp.a(alt_errno.o)
 .debug_pubnames
                0x00000473       0x2b ../DMA_TEST_bsp/\libhal_bsp.a(alt_icache_flush_all.o)
 .debug_pubnames
                0x0000049e       0x26 ../DMA_TEST_bsp/\libhal_bsp.a(alt_io_redirect.o)
 .debug_pubnames
                0x000004c4       0x1b ../DMA_TEST_bsp/\libhal_bsp.a(alt_open.o)
 .debug_pubnames
                0x000004df       0x25 ../DMA_TEST_bsp/\libhal_bsp.a(alt_release_fd.o)
 .debug_pubnames
                0x00000504       0x31 ../DMA_TEST_bsp/\libhal_bsp.a(altera_nios2_qsys_irq.o)
 .debug_pubnames
                0x00000535       0x23 ../DMA_TEST_bsp/\libhal_bsp.a(alt_find_dev.o)
 .debug_pubnames
                0x00000558       0x24 ../DMA_TEST_bsp/\libhal_bsp.a(alt_find_file.o)
 .debug_pubnames
                0x0000057c       0x21 ../DMA_TEST_bsp/\libhal_bsp.a(alt_get_fd.o)
 .debug_pubnames
                0x0000059d       0x1b c:/users/asus/downloads/quatus/nios2eds/bin/gnu/h-i686-mingw32/bin/../lib/gcc/nios2-elf/4.1.2/../../../../nios2-elf/lib/mno-hw-mul\libsmallc.a(lib_a-exit.o)
 .debug_pubnames
                0x000005b8       0x1d c:/users/asus/downloads/quatus/nios2eds/bin/gnu/h-i686-mingw32/bin/../lib/gcc/nios2-elf/4.1.2/../../../../nios2-elf/lib/mno-hw-mul\libsmallc.a(lib_a-memcmp.o)
 .debug_pubnames
                0x000005d5       0x27 c:/users/asus/downloads/quatus/nios2eds/bin/gnu/h-i686-mingw32/bin/../lib/gcc/nios2-elf/4.1.2/../../../../nios2-elf/lib/mno-hw-mul\libsmallc.a(lib_a-__call_atexit.o)
 .debug_pubnames
                0x000005fc       0x1c ../DMA_TEST_bsp/\libhal_bsp.a(alt_exit.o)

.debug_info     0x00000000     0x67ac
 *(.debug_info .gnu.linkonce.wi.*)
 .debug_info    0x00000000       0x76 ../DMA_TEST_bsp//obj/HAL/src/crt0.o
 .debug_info    0x00000076      0x21a obj/default/hello_world.o
 .debug_info    0x00000290      0x6c8 c:/users/asus/downloads/quatus/nios2eds/bin/gnu/h-i686-mingw32/bin/../lib/gcc/nios2-elf/4.1.2/../../../../nios2-elf/lib/mno-hw-mul\libsmallc.a(lib_a-printf.o)
 .debug_info    0x00000958      0x9b6 c:/users/asus/downloads/quatus/nios2eds/bin/gnu/h-i686-mingw32/bin/../lib/gcc/nios2-elf/4.1.2/../../../../nios2-elf/lib/mno-hw-mul\libsmallc.a(lib_a-vfprintf.o)
 .debug_info    0x0000130e      0x68e c:/users/asus/downloads/quatus/nios2eds/bin/gnu/h-i686-mingw32/bin/../lib/gcc/nios2-elf/4.1.2/../../../../nios2-elf/lib/mno-hw-mul\libsmallc.a(lib_a-fvwrite_small_dev.o)
 .debug_info    0x0000199c      0x636 c:/users/asus/downloads/quatus/nios2eds/bin/gnu/h-i686-mingw32/bin/../lib/gcc/nios2-elf/4.1.2/../../../../nios2-elf/lib/mno-hw-mul\libsmallc.a(lib_a-impure.o)
 .debug_info    0x00001fd2       0xc2 c:/users/asus/downloads/quatus/nios2eds/bin/gnu/h-i686-mingw32/bin/../lib/gcc/nios2-elf/4.1.2/../../../../nios2-elf/lib/mno-hw-mul\libsmallc.a(lib_a-strlen.o)
 .debug_info    0x00002094      0x68c c:/users/asus/downloads/quatus/nios2eds/bin/gnu/h-i686-mingw32/bin/../lib/gcc/nios2-elf/4.1.2/../../../../nios2-elf/lib/mno-hw-mul\libsmallc.a(lib_a-writer.o)
 .debug_info    0x00002720       0x8c c:/users/asus/downloads/quatus/nios2eds/bin/gnu/h-i686-mingw32/bin/../lib/gcc/nios2-elf/4.1.2/../../../../nios2-elf/lib/mno-hw-mul\libsmallc.a(lib_a-int_errno.o)
 .debug_info    0x000027ac      0x21c c:/users/asus/downloads/quatus/nios2eds/bin/gnu/h-i686-mingw32/bin/../lib/gcc/nios2-elf/4.1.2/mno-hw-mul\libgcc.a(lib2-divmod.o)
 .debug_info    0x000029c8       0xf3 c:/users/asus/downloads/quatus/nios2eds/bin/gnu/h-i686-mingw32/bin/../lib/gcc/nios2-elf/4.1.2/mno-hw-mul\libgcc.a(lib2-mul.o)
 .debug_info    0x00002abb      0x12e ../DMA_TEST_bsp/\libhal_bsp.a(alt_load.o)
 .debug_info    0x00002be9      0x137 ../DMA_TEST_bsp/\libhal_bsp.a(alt_main.o)
 .debug_info    0x00002d20      0x508 ../DMA_TEST_bsp/\libhal_bsp.a(alt_write.o)
 .debug_info    0x00003228      0x3cd ../DMA_TEST_bsp/\libhal_bsp.a(alt_sys_init.o)
 .debug_info    0x000035f5      0x3d4 ../DMA_TEST_bsp/\libhal_bsp.a(altera_avalon_jtag_uart_fd.o)
 .debug_info    0x000039c9      0x1ac ../DMA_TEST_bsp/\libhal_bsp.a(altera_avalon_jtag_uart_read.o)
 .debug_info    0x00003b75      0x18f ../DMA_TEST_bsp/\libhal_bsp.a(altera_avalon_jtag_uart_write.o)
 .debug_info    0x00003d04      0x34f ../DMA_TEST_bsp/\libhal_bsp.a(alt_close.o)
 .debug_info    0x00004053       0x8d ../DMA_TEST_bsp/\libhal_bsp.a(alt_dcache_flush_all.o)
 .debug_info    0x000040e0      0x4dd ../DMA_TEST_bsp/\libhal_bsp.a(alt_dev.o)
 .debug_info    0x000045bd      0x1b7 ../DMA_TEST_bsp/\libhal_bsp.a(alt_dev_llist_insert.o)
 .debug_info    0x00004774       0xab ../DMA_TEST_bsp/\libhal_bsp.a(alt_errno.o)
 .debug_info    0x0000481f       0x8d ../DMA_TEST_bsp/\libhal_bsp.a(alt_icache_flush_all.o)
 .debug_info    0x000048ac      0x4f6 ../DMA_TEST_bsp/\libhal_bsp.a(alt_io_redirect.o)
 .debug_info    0x00004da2      0x40c ../DMA_TEST_bsp/\libhal_bsp.a(alt_open.o)
 .debug_info    0x000051ae      0x2dd ../DMA_TEST_bsp/\libhal_bsp.a(alt_release_fd.o)
 .debug_info    0x0000548b       0x8d ../DMA_TEST_bsp/\libhal_bsp.a(altera_nios2_qsys_irq.o)
 .debug_info    0x00005518      0x310 ../DMA_TEST_bsp/\libhal_bsp.a(alt_find_dev.o)
 .debug_info    0x00005828      0x30e ../DMA_TEST_bsp/\libhal_bsp.a(alt_find_file.o)
 .debug_info    0x00005b36      0x331 ../DMA_TEST_bsp/\libhal_bsp.a(alt_get_fd.o)
 .debug_info    0x00005e67       0x9f c:/users/asus/downloads/quatus/nios2eds/bin/gnu/h-i686-mingw32/bin/../lib/gcc/nios2-elf/4.1.2/../../../../nios2-elf/lib/mno-hw-mul\libsmallc.a(lib_a-exit.o)
 .debug_info    0x00005f06       0xef c:/users/asus/downloads/quatus/nios2eds/bin/gnu/h-i686-mingw32/bin/../lib/gcc/nios2-elf/4.1.2/../../../../nios2-elf/lib/mno-hw-mul\libsmallc.a(lib_a-memcmp.o)
 .debug_info    0x00005ff5      0x6d5 c:/users/asus/downloads/quatus/nios2eds/bin/gnu/h-i686-mingw32/bin/../lib/gcc/nios2-elf/4.1.2/../../../../nios2-elf/lib/mno-hw-mul\libsmallc.a(lib_a-__call_atexit.o)
 .debug_info    0x000066ca       0xe2 ../DMA_TEST_bsp/\libhal_bsp.a(alt_exit.o)

.debug_abbrev   0x00000000     0x1ef0
 *(.debug_abbrev)
 .debug_abbrev  0x00000000       0x12 ../DMA_TEST_bsp//obj/HAL/src/crt0.o
 .debug_abbrev  0x00000012       0x91 obj/default/hello_world.o
 .debug_abbrev  0x000000a3      0x179 c:/users/asus/downloads/quatus/nios2eds/bin/gnu/h-i686-mingw32/bin/../lib/gcc/nios2-elf/4.1.2/../../../../nios2-elf/lib/mno-hw-mul\libsmallc.a(lib_a-printf.o)
 .debug_abbrev  0x0000021c      0x263 c:/users/asus/downloads/quatus/nios2eds/bin/gnu/h-i686-mingw32/bin/../lib/gcc/nios2-elf/4.1.2/../../../../nios2-elf/lib/mno-hw-mul\libsmallc.a(lib_a-vfprintf.o)
 .debug_abbrev  0x0000047f      0x179 c:/users/asus/downloads/quatus/nios2eds/bin/gnu/h-i686-mingw32/bin/../lib/gcc/nios2-elf/4.1.2/../../../../nios2-elf/lib/mno-hw-mul\libsmallc.a(lib_a-fvwrite_small_dev.o)
 .debug_abbrev  0x000005f8      0x13f c:/users/asus/downloads/quatus/nios2eds/bin/gnu/h-i686-mingw32/bin/../lib/gcc/nios2-elf/4.1.2/../../../../nios2-elf/lib/mno-hw-mul\libsmallc.a(lib_a-impure.o)
 .debug_abbrev  0x00000737       0x7a c:/users/asus/downloads/quatus/nios2eds/bin/gnu/h-i686-mingw32/bin/../lib/gcc/nios2-elf/4.1.2/../../../../nios2-elf/lib/mno-hw-mul\libsmallc.a(lib_a-strlen.o)
 .debug_abbrev  0x000007b1      0x16c c:/users/asus/downloads/quatus/nios2eds/bin/gnu/h-i686-mingw32/bin/../lib/gcc/nios2-elf/4.1.2/../../../../nios2-elf/lib/mno-hw-mul\libsmallc.a(lib_a-writer.o)
 .debug_abbrev  0x0000091d       0x3b c:/users/asus/downloads/quatus/nios2eds/bin/gnu/h-i686-mingw32/bin/../lib/gcc/nios2-elf/4.1.2/../../../../nios2-elf/lib/mno-hw-mul\libsmallc.a(lib_a-int_errno.o)
 .debug_abbrev  0x00000958       0xe0 c:/users/asus/downloads/quatus/nios2eds/bin/gnu/h-i686-mingw32/bin/../lib/gcc/nios2-elf/4.1.2/mno-hw-mul\libgcc.a(lib2-divmod.o)
 .debug_abbrev  0x00000a38       0x7b c:/users/asus/downloads/quatus/nios2eds/bin/gnu/h-i686-mingw32/bin/../lib/gcc/nios2-elf/4.1.2/mno-hw-mul\libgcc.a(lib2-mul.o)
 .debug_abbrev  0x00000ab3       0x97 ../DMA_TEST_bsp/\libhal_bsp.a(alt_load.o)
 .debug_abbrev  0x00000b4a       0xb7 ../DMA_TEST_bsp/\libhal_bsp.a(alt_main.o)
 .debug_abbrev  0x00000c01      0x12d ../DMA_TEST_bsp/\libhal_bsp.a(alt_write.o)
 .debug_abbrev  0x00000d2e      0x14f ../DMA_TEST_bsp/\libhal_bsp.a(alt_sys_init.o)
 .debug_abbrev  0x00000e7d       0xf2 ../DMA_TEST_bsp/\libhal_bsp.a(altera_avalon_jtag_uart_fd.o)
 .debug_abbrev  0x00000f6f       0xf0 ../DMA_TEST_bsp/\libhal_bsp.a(altera_avalon_jtag_uart_read.o)
 .debug_abbrev  0x0000105f       0xf0 ../DMA_TEST_bsp/\libhal_bsp.a(altera_avalon_jtag_uart_write.o)
 .debug_abbrev  0x0000114f      0x119 ../DMA_TEST_bsp/\libhal_bsp.a(alt_close.o)
 .debug_abbrev  0x00001268       0x3f ../DMA_TEST_bsp/\libhal_bsp.a(alt_dcache_flush_all.o)
 .debug_abbrev  0x000012a7       0xd6 ../DMA_TEST_bsp/\libhal_bsp.a(alt_dev.o)
 .debug_abbrev  0x0000137d      0x117 ../DMA_TEST_bsp/\libhal_bsp.a(alt_dev_llist_insert.o)
 .debug_abbrev  0x00001494       0x5e ../DMA_TEST_bsp/\libhal_bsp.a(alt_errno.o)
 .debug_abbrev  0x000014f2       0x3f ../DMA_TEST_bsp/\libhal_bsp.a(alt_icache_flush_all.o)
 .debug_abbrev  0x00001531      0x10e ../DMA_TEST_bsp/\libhal_bsp.a(alt_io_redirect.o)
 .debug_abbrev  0x0000163f      0x177 ../DMA_TEST_bsp/\libhal_bsp.a(alt_open.o)
 .debug_abbrev  0x000017b6       0xdb ../DMA_TEST_bsp/\libhal_bsp.a(alt_release_fd.o)
 .debug_abbrev  0x00001891       0x3f ../DMA_TEST_bsp/\libhal_bsp.a(altera_nios2_qsys_irq.o)
 .debug_abbrev  0x000018d0       0xed ../DMA_TEST_bsp/\libhal_bsp.a(alt_find_dev.o)
 .debug_abbrev  0x000019bd       0xed ../DMA_TEST_bsp/\libhal_bsp.a(alt_find_file.o)
 .debug_abbrev  0x00001aaa      0x117 ../DMA_TEST_bsp/\libhal_bsp.a(alt_get_fd.o)
 .debug_abbrev  0x00001bc1       0x4e c:/users/asus/downloads/quatus/nios2eds/bin/gnu/h-i686-mingw32/bin/../lib/gcc/nios2-elf/4.1.2/../../../../nios2-elf/lib/mno-hw-mul\libsmallc.a(lib_a-exit.o)
 .debug_abbrev  0x00001c0f       0x7c c:/users/asus/downloads/quatus/nios2eds/bin/gnu/h-i686-mingw32/bin/../lib/gcc/nios2-elf/4.1.2/../../../../nios2-elf/lib/mno-hw-mul\libsmallc.a(lib_a-memcmp.o)
 .debug_abbrev  0x00001c8b      0x1c6 c:/users/asus/downloads/quatus/nios2eds/bin/gnu/h-i686-mingw32/bin/../lib/gcc/nios2-elf/4.1.2/../../../../nios2-elf/lib/mno-hw-mul\libsmallc.a(lib_a-__call_atexit.o)
 .debug_abbrev  0x00001e51       0x9f ../DMA_TEST_bsp/\libhal_bsp.a(alt_exit.o)

.debug_line     0x00000000     0x563a
 *(.debug_line)
 .debug_line    0x00000000       0x66 ../DMA_TEST_bsp//obj/HAL/src/crt0.o
 .debug_line    0x00000066      0x284 obj/default/hello_world.o
 .debug_line    0x000002ea      0x2be c:/users/asus/downloads/quatus/nios2eds/bin/gnu/h-i686-mingw32/bin/../lib/gcc/nios2-elf/4.1.2/../../../../nios2-elf/lib/mno-hw-mul\libsmallc.a(lib_a-printf.o)
 .debug_line    0x000005a8      0x666 c:/users/asus/downloads/quatus/nios2eds/bin/gnu/h-i686-mingw32/bin/../lib/gcc/nios2-elf/4.1.2/../../../../nios2-elf/lib/mno-hw-mul\libsmallc.a(lib_a-vfprintf.o)
 .debug_line    0x00000c0e      0x2a9 c:/users/asus/downloads/quatus/nios2eds/bin/gnu/h-i686-mingw32/bin/../lib/gcc/nios2-elf/4.1.2/../../../../nios2-elf/lib/mno-hw-mul\libsmallc.a(lib_a-fvwrite_small_dev.o)
 .debug_line    0x00000eb7      0x230 c:/users/asus/downloads/quatus/nios2eds/bin/gnu/h-i686-mingw32/bin/../lib/gcc/nios2-elf/4.1.2/../../../../nios2-elf/lib/mno-hw-mul\libsmallc.a(lib_a-impure.o)
 .debug_line    0x000010e7      0x250 c:/users/asus/downloads/quatus/nios2eds/bin/gnu/h-i686-mingw32/bin/../lib/gcc/nios2-elf/4.1.2/../../../../nios2-elf/lib/mno-hw-mul\libsmallc.a(lib_a-strlen.o)
 .debug_line    0x00001337      0x29d c:/users/asus/downloads/quatus/nios2eds/bin/gnu/h-i686-mingw32/bin/../lib/gcc/nios2-elf/4.1.2/../../../../nios2-elf/lib/mno-hw-mul\libsmallc.a(lib_a-writer.o)
 .debug_line    0x000015d4      0x1e2 c:/users/asus/downloads/quatus/nios2eds/bin/gnu/h-i686-mingw32/bin/../lib/gcc/nios2-elf/4.1.2/../../../../nios2-elf/lib/mno-hw-mul\libsmallc.a(lib_a-int_errno.o)
 .debug_line    0x000017b6      0x24f c:/users/asus/downloads/quatus/nios2eds/bin/gnu/h-i686-mingw32/bin/../lib/gcc/nios2-elf/4.1.2/mno-hw-mul\libgcc.a(lib2-divmod.o)
 .debug_line    0x00001a05      0x11a c:/users/asus/downloads/quatus/nios2eds/bin/gnu/h-i686-mingw32/bin/../lib/gcc/nios2-elf/4.1.2/mno-hw-mul\libgcc.a(lib2-mul.o)
 .debug_line    0x00001b1f      0x231 ../DMA_TEST_bsp/\libhal_bsp.a(alt_load.o)
 .debug_line    0x00001d50      0x2e4 ../DMA_TEST_bsp/\libhal_bsp.a(alt_main.o)
 .debug_line    0x00002034      0x313 ../DMA_TEST_bsp/\libhal_bsp.a(alt_write.o)
 .debug_line    0x00002347      0x2ba ../DMA_TEST_bsp/\libhal_bsp.a(alt_sys_init.o)
 .debug_line    0x00002601      0x1e6 ../DMA_TEST_bsp/\libhal_bsp.a(altera_avalon_jtag_uart_fd.o)
 .debug_line    0x000027e7      0x33d ../DMA_TEST_bsp/\libhal_bsp.a(altera_avalon_jtag_uart_read.o)
 .debug_line    0x00002b24      0x30e ../DMA_TEST_bsp/\libhal_bsp.a(altera_avalon_jtag_uart_write.o)
 .debug_line    0x00002e32      0x2d3 ../DMA_TEST_bsp/\libhal_bsp.a(alt_close.o)
 .debug_line    0x00003105      0x1cf ../DMA_TEST_bsp/\libhal_bsp.a(alt_dcache_flush_all.o)
 .debug_line    0x000032d4      0x266 ../DMA_TEST_bsp/\libhal_bsp.a(alt_dev.o)
 .debug_line    0x0000353a      0x276 ../DMA_TEST_bsp/\libhal_bsp.a(alt_dev_llist_insert.o)
 .debug_line    0x000037b0      0x1c4 ../DMA_TEST_bsp/\libhal_bsp.a(alt_errno.o)
 .debug_line    0x00003974      0x1cf ../DMA_TEST_bsp/\libhal_bsp.a(alt_icache_flush_all.o)
 .debug_line    0x00003b43      0x336 ../DMA_TEST_bsp/\libhal_bsp.a(alt_io_redirect.o)
 .debug_line    0x00003e79      0x309 ../DMA_TEST_bsp/\libhal_bsp.a(alt_open.o)
 .debug_line    0x00004182      0x11d ../DMA_TEST_bsp/\libhal_bsp.a(alt_release_fd.o)
 .debug_line    0x0000429f      0x1e8 ../DMA_TEST_bsp/\libhal_bsp.a(altera_nios2_qsys_irq.o)
 .debug_line    0x00004487      0x27b ../DMA_TEST_bsp/\libhal_bsp.a(alt_find_dev.o)
 .debug_line    0x00004702      0x2a6 ../DMA_TEST_bsp/\libhal_bsp.a(alt_find_file.o)
 .debug_line    0x000049a8      0x2a9 ../DMA_TEST_bsp/\libhal_bsp.a(alt_get_fd.o)
 .debug_line    0x00004c51      0x223 c:/users/asus/downloads/quatus/nios2eds/bin/gnu/h-i686-mingw32/bin/../lib/gcc/nios2-elf/4.1.2/../../../../nios2-elf/lib/mno-hw-mul\libsmallc.a(lib_a-exit.o)
 .debug_line    0x00004e74      0x270 c:/users/asus/downloads/quatus/nios2eds/bin/gnu/h-i686-mingw32/bin/../lib/gcc/nios2-elf/4.1.2/../../../../nios2-elf/lib/mno-hw-mul\libsmallc.a(lib_a-memcmp.o)
 .debug_line    0x000050e4      0x360 c:/users/asus/downloads/quatus/nios2eds/bin/gnu/h-i686-mingw32/bin/../lib/gcc/nios2-elf/4.1.2/../../../../nios2-elf/lib/mno-hw-mul\libsmallc.a(lib_a-__call_atexit.o)
 .debug_line    0x00005444      0x1f6 ../DMA_TEST_bsp/\libhal_bsp.a(alt_exit.o)

.debug_frame    0x00000000      0x60c
 *(.debug_frame)
 .debug_frame   0x00000000       0x48 obj/default/hello_world.o
 .debug_frame   0x00000048       0x40 c:/users/asus/downloads/quatus/nios2eds/bin/gnu/h-i686-mingw32/bin/../lib/gcc/nios2-elf/4.1.2/../../../../nios2-elf/lib/mno-hw-mul\libsmallc.a(lib_a-printf.o)
 .debug_frame   0x00000088       0x64 c:/users/asus/downloads/quatus/nios2eds/bin/gnu/h-i686-mingw32/bin/../lib/gcc/nios2-elf/4.1.2/../../../../nios2-elf/lib/mno-hw-mul\libsmallc.a(lib_a-vfprintf.o)
 .debug_frame   0x000000ec       0x30 c:/users/asus/downloads/quatus/nios2eds/bin/gnu/h-i686-mingw32/bin/../lib/gcc/nios2-elf/4.1.2/../../../../nios2-elf/lib/mno-hw-mul\libsmallc.a(lib_a-fvwrite_small_dev.o)
 .debug_frame   0x0000011c       0x20 c:/users/asus/downloads/quatus/nios2eds/bin/gnu/h-i686-mingw32/bin/../lib/gcc/nios2-elf/4.1.2/../../../../nios2-elf/lib/mno-hw-mul\libsmallc.a(lib_a-strlen.o)
 .debug_frame   0x0000013c       0x2c c:/users/asus/downloads/quatus/nios2eds/bin/gnu/h-i686-mingw32/bin/../lib/gcc/nios2-elf/4.1.2/../../../../nios2-elf/lib/mno-hw-mul\libsmallc.a(lib_a-writer.o)
 .debug_frame   0x00000168       0x70 c:/users/asus/downloads/quatus/nios2eds/bin/gnu/h-i686-mingw32/bin/../lib/gcc/nios2-elf/4.1.2/mno-hw-mul\libgcc.a(lib2-divmod.o)
 .debug_frame   0x000001d8       0x20 c:/users/asus/downloads/quatus/nios2eds/bin/gnu/h-i686-mingw32/bin/../lib/gcc/nios2-elf/4.1.2/mno-hw-mul\libgcc.a(lib2-mul.o)
 .debug_frame   0x000001f8       0x38 ../DMA_TEST_bsp/\libhal_bsp.a(alt_load.o)
 .debug_frame   0x00000230       0x28 ../DMA_TEST_bsp/\libhal_bsp.a(alt_main.o)
 .debug_frame   0x00000258       0x40 ../DMA_TEST_bsp/\libhal_bsp.a(alt_write.o)
 .debug_frame   0x00000298       0x38 ../DMA_TEST_bsp/\libhal_bsp.a(alt_sys_init.o)
 .debug_frame   0x000002d0       0x30 ../DMA_TEST_bsp/\libhal_bsp.a(altera_avalon_jtag_uart_fd.o)
 .debug_frame   0x00000300       0x20 ../DMA_TEST_bsp/\libhal_bsp.a(altera_avalon_jtag_uart_read.o)
 .debug_frame   0x00000320       0x20 ../DMA_TEST_bsp/\libhal_bsp.a(altera_avalon_jtag_uart_write.o)
 .debug_frame   0x00000340       0x3c ../DMA_TEST_bsp/\libhal_bsp.a(alt_close.o)
 .debug_frame   0x0000037c       0x20 ../DMA_TEST_bsp/\libhal_bsp.a(alt_dcache_flush_all.o)
 .debug_frame   0x0000039c       0x20 ../DMA_TEST_bsp/\libhal_bsp.a(alt_dev.o)
 .debug_frame   0x000003bc       0x28 ../DMA_TEST_bsp/\libhal_bsp.a(alt_dev_llist_insert.o)
 .debug_frame   0x000003e4       0x20 ../DMA_TEST_bsp/\libhal_bsp.a(alt_icache_flush_all.o)
 .debug_frame   0x00000404       0x50 ../DMA_TEST_bsp/\libhal_bsp.a(alt_io_redirect.o)
 .debug_frame   0x00000454       0x34 ../DMA_TEST_bsp/\libhal_bsp.a(alt_open.o)
 .debug_frame   0x00000488       0x2c ../DMA_TEST_bsp/\libhal_bsp.a(alt_release_fd.o)
 .debug_frame   0x000004b4       0x20 ../DMA_TEST_bsp/\libhal_bsp.a(altera_nios2_qsys_irq.o)
 .debug_frame   0x000004d4       0x30 ../DMA_TEST_bsp/\libhal_bsp.a(alt_find_dev.o)
 .debug_frame   0x00000504       0x30 ../DMA_TEST_bsp/\libhal_bsp.a(alt_find_file.o)
 .debug_frame   0x00000534       0x20 ../DMA_TEST_bsp/\libhal_bsp.a(alt_get_fd.o)
 .debug_frame   0x00000554       0x2c c:/users/asus/downloads/quatus/nios2eds/bin/gnu/h-i686-mingw32/bin/../lib/gcc/nios2-elf/4.1.2/../../../../nios2-elf/lib/mno-hw-mul\libsmallc.a(lib_a-exit.o)
 .debug_frame   0x00000580       0x20 c:/users/asus/downloads/quatus/nios2eds/bin/gnu/h-i686-mingw32/bin/../lib/gcc/nios2-elf/4.1.2/../../../../nios2-elf/lib/mno-hw-mul\libsmallc.a(lib_a-memcmp.o)
 .debug_frame   0x000005a0       0x4c c:/users/asus/downloads/quatus/nios2eds/bin/gnu/h-i686-mingw32/bin/../lib/gcc/nios2-elf/4.1.2/../../../../nios2-elf/lib/mno-hw-mul\libsmallc.a(lib_a-__call_atexit.o)
 .debug_frame   0x000005ec       0x20 ../DMA_TEST_bsp/\libhal_bsp.a(alt_exit.o)

.debug_str      0x00000000     0x1302
 *(.debug_str)
 .debug_str     0x00000000       0x12 obj/default/hello_world.o
 .debug_str     0x00000012      0x3f8 c:/users/asus/downloads/quatus/nios2eds/bin/gnu/h-i686-mingw32/bin/../lib/gcc/nios2-elf/4.1.2/../../../../nios2-elf/lib/mno-hw-mul\libsmallc.a(lib_a-printf.o)
                                0x466 (size before relaxing)
 .debug_str     0x0000040a      0x162 c:/users/asus/downloads/quatus/nios2eds/bin/gnu/h-i686-mingw32/bin/../lib/gcc/nios2-elf/4.1.2/../../../../nios2-elf/lib/mno-hw-mul\libsmallc.a(lib_a-vfprintf.o)
                                0x5af (size before relaxing)
 .debug_str     0x0000056c       0x70 c:/users/asus/downloads/quatus/nios2eds/bin/gnu/h-i686-mingw32/bin/../lib/gcc/nios2-elf/4.1.2/../../../../nios2-elf/lib/mno-hw-mul\libsmallc.a(lib_a-fvwrite_small_dev.o)
                                0x46a (size before relaxing)
 .debug_str     0x000005dc       0xf8 c:/users/asus/downloads/quatus/nios2eds/bin/gnu/h-i686-mingw32/bin/../lib/gcc/nios2-elf/4.1.2/../../../../nios2-elf/lib/mno-hw-mul\libsmallc.a(lib_a-impure.o)
                                0x45d (size before relaxing)
 .debug_str     0x000006d4       0xe2 c:/users/asus/downloads/quatus/nios2eds/bin/gnu/h-i686-mingw32/bin/../lib/gcc/nios2-elf/4.1.2/../../../../nios2-elf/lib/mno-hw-mul\libsmallc.a(lib_a-strlen.o)
                                0x184 (size before relaxing)
 .debug_str     0x000007b6       0x4f c:/users/asus/downloads/quatus/nios2eds/bin/gnu/h-i686-mingw32/bin/../lib/gcc/nios2-elf/4.1.2/../../../../nios2-elf/lib/mno-hw-mul\libsmallc.a(lib_a-writer.o)
                                0x451 (size before relaxing)
 .debug_str     0x00000805       0x40 c:/users/asus/downloads/quatus/nios2eds/bin/gnu/h-i686-mingw32/bin/../lib/gcc/nios2-elf/4.1.2/../../../../nios2-elf/lib/mno-hw-mul\libsmallc.a(lib_a-int_errno.o)
                                0x177 (size before relaxing)
 .debug_str     0x00000845      0x10b c:/users/asus/downloads/quatus/nios2eds/bin/gnu/h-i686-mingw32/bin/../lib/gcc/nios2-elf/4.1.2/mno-hw-mul\libgcc.a(lib2-divmod.o)
                                0x1b4 (size before relaxing)
 .debug_str     0x00000950       0x37 c:/users/asus/downloads/quatus/nios2eds/bin/gnu/h-i686-mingw32/bin/../lib/gcc/nios2-elf/4.1.2/mno-hw-mul\libgcc.a(lib2-mul.o)
                                0x175 (size before relaxing)
 .debug_str     0x00000987      0x136 ../DMA_TEST_bsp/\libhal_bsp.a(alt_load.o)
                                0x1cb (size before relaxing)
 .debug_str     0x00000abd       0x70 ../DMA_TEST_bsp/\libhal_bsp.a(alt_main.o)
                                0x156 (size before relaxing)
 .debug_str     0x00000b2d      0x166 ../DMA_TEST_bsp/\libhal_bsp.a(alt_write.o)
                                0x2b1 (size before relaxing)
 .debug_str     0x00000c93       0xf7 ../DMA_TEST_bsp/\libhal_bsp.a(alt_sys_init.o)
                                0x27f (size before relaxing)
 .debug_str     0x00000d8a       0x77 ../DMA_TEST_bsp/\libhal_bsp.a(altera_avalon_jtag_uart_fd.o)
                                0x297 (size before relaxing)
 .debug_str     0x00000e01       0x48 ../DMA_TEST_bsp/\libhal_bsp.a(altera_avalon_jtag_uart_read.o)
                                0x1d1 (size before relaxing)
 .debug_str     0x00000e49       0x4a ../DMA_TEST_bsp/\libhal_bsp.a(altera_avalon_jtag_uart_write.o)
                                0x1c7 (size before relaxing)
 .debug_str     0x00000e93       0x1b ../DMA_TEST_bsp/\libhal_bsp.a(alt_close.o)
                                0x1c4 (size before relaxing)
 .debug_str     0x00000eae       0x34 ../DMA_TEST_bsp/\libhal_bsp.a(alt_dcache_flush_all.o)
                                0x10e (size before relaxing)
 .debug_str     0x00000ee2       0x50 ../DMA_TEST_bsp/\libhal_bsp.a(alt_dev.o)
                                0x2be (size before relaxing)
 .debug_str     0x00000f32       0x59 ../DMA_TEST_bsp/\libhal_bsp.a(alt_dev_llist_insert.o)
                                0x185 (size before relaxing)
 .debug_str     0x00000f8b       0x14 ../DMA_TEST_bsp/\libhal_bsp.a(alt_errno.o)
                                 0xfe (size before relaxing)
 .debug_str     0x00000f9f       0x34 ../DMA_TEST_bsp/\libhal_bsp.a(alt_icache_flush_all.o)
                                0x10e (size before relaxing)
 .debug_str     0x00000fd3       0x56 ../DMA_TEST_bsp/\libhal_bsp.a(alt_io_redirect.o)
                                0x2cf (size before relaxing)
 .debug_str     0x00001029       0x36 ../DMA_TEST_bsp/\libhal_bsp.a(alt_open.o)
                                0x204 (size before relaxing)
 .debug_str     0x0000105f       0x28 ../DMA_TEST_bsp/\libhal_bsp.a(alt_release_fd.o)
                                0x1a1 (size before relaxing)
 .debug_str     0x00001087       0x3b ../DMA_TEST_bsp/\libhal_bsp.a(altera_nios2_qsys_irq.o)
                                0x115 (size before relaxing)
 .debug_str     0x000010c2       0x24 ../DMA_TEST_bsp/\libhal_bsp.a(alt_find_dev.o)
                                0x1a5 (size before relaxing)
 .debug_str     0x000010e6       0x26 ../DMA_TEST_bsp/\libhal_bsp.a(alt_find_file.o)
                                0x1b3 (size before relaxing)
 .debug_str     0x0000110c       0x30 ../DMA_TEST_bsp/\libhal_bsp.a(alt_get_fd.o)
                                0x1d5 (size before relaxing)
 .debug_str     0x0000113c       0xd9 c:/users/asus/downloads/quatus/nios2eds/bin/gnu/h-i686-mingw32/bin/../lib/gcc/nios2-elf/4.1.2/../../../../nios2-elf/lib/mno-hw-mul\libsmallc.a(lib_a-exit.o)
                                0x178 (size before relaxing)
 .debug_str     0x00001215       0x45 c:/users/asus/downloads/quatus/nios2eds/bin/gnu/h-i686-mingw32/bin/../lib/gcc/nios2-elf/4.1.2/../../../../nios2-elf/lib/mno-hw-mul\libsmallc.a(lib_a-memcmp.o)
                                0x17e (size before relaxing)
 .debug_str     0x0000125a       0x7e c:/users/asus/downloads/quatus/nios2eds/bin/gnu/h-i686-mingw32/bin/../lib/gcc/nios2-elf/4.1.2/../../../../nios2-elf/lib/mno-hw-mul\libsmallc.a(lib_a-__call_atexit.o)
                                0x491 (size before relaxing)
 .debug_str     0x000012d8       0x2a ../DMA_TEST_bsp/\libhal_bsp.a(alt_exit.o)
                                0x10a (size before relaxing)

.debug_loc      0x00000000     0x1878
 *(.debug_loc)
 .debug_loc     0x00000000       0x56 obj/default/hello_world.o
 .debug_loc     0x00000056       0x8d c:/users/asus/downloads/quatus/nios2eds/bin/gnu/h-i686-mingw32/bin/../lib/gcc/nios2-elf/4.1.2/../../../../nios2-elf/lib/mno-hw-mul\libsmallc.a(lib_a-printf.o)
 .debug_loc     0x000000e3      0x878 c:/users/asus/downloads/quatus/nios2eds/bin/gnu/h-i686-mingw32/bin/../lib/gcc/nios2-elf/4.1.2/../../../../nios2-elf/lib/mno-hw-mul\libsmallc.a(lib_a-vfprintf.o)
 .debug_loc     0x0000095b      0x162 c:/users/asus/downloads/quatus/nios2eds/bin/gnu/h-i686-mingw32/bin/../lib/gcc/nios2-elf/4.1.2/../../../../nios2-elf/lib/mno-hw-mul\libsmallc.a(lib_a-fvwrite_small_dev.o)
 .debug_loc     0x00000abd       0x1e c:/users/asus/downloads/quatus/nios2eds/bin/gnu/h-i686-mingw32/bin/../lib/gcc/nios2-elf/4.1.2/../../../../nios2-elf/lib/mno-hw-mul\libsmallc.a(lib_a-strlen.o)
 .debug_loc     0x00000adb       0x97 c:/users/asus/downloads/quatus/nios2eds/bin/gnu/h-i686-mingw32/bin/../lib/gcc/nios2-elf/4.1.2/../../../../nios2-elf/lib/mno-hw-mul\libsmallc.a(lib_a-writer.o)
 .debug_loc     0x00000b72      0x1d2 c:/users/asus/downloads/quatus/nios2eds/bin/gnu/h-i686-mingw32/bin/../lib/gcc/nios2-elf/4.1.2/mno-hw-mul\libgcc.a(lib2-divmod.o)
 .debug_loc     0x00000d44       0x4f c:/users/asus/downloads/quatus/nios2eds/bin/gnu/h-i686-mingw32/bin/../lib/gcc/nios2-elf/4.1.2/mno-hw-mul\libgcc.a(lib2-mul.o)
 .debug_loc     0x00000d93       0x1f ../DMA_TEST_bsp/\libhal_bsp.a(alt_load.o)
 .debug_loc     0x00000db2       0x1f ../DMA_TEST_bsp/\libhal_bsp.a(alt_main.o)
 .debug_loc     0x00000dd1      0x102 ../DMA_TEST_bsp/\libhal_bsp.a(alt_write.o)
 .debug_loc     0x00000ed3       0x32 ../DMA_TEST_bsp/\libhal_bsp.a(alt_sys_init.o)
 .debug_loc     0x00000f05       0x72 ../DMA_TEST_bsp/\libhal_bsp.a(altera_avalon_jtag_uart_fd.o)
 .debug_loc     0x00000f77       0x31 ../DMA_TEST_bsp/\libhal_bsp.a(altera_avalon_jtag_uart_read.o)
 .debug_loc     0x00000fa8       0x26 ../DMA_TEST_bsp/\libhal_bsp.a(altera_avalon_jtag_uart_write.o)
 .debug_loc     0x00000fce       0x8f ../DMA_TEST_bsp/\libhal_bsp.a(alt_close.o)
 .debug_loc     0x0000105d       0x5b ../DMA_TEST_bsp/\libhal_bsp.a(alt_dev_llist_insert.o)
 .debug_loc     0x000010b8      0x15a ../DMA_TEST_bsp/\libhal_bsp.a(alt_io_redirect.o)
 .debug_loc     0x00001212      0x1fe ../DMA_TEST_bsp/\libhal_bsp.a(alt_open.o)
 .debug_loc     0x00001410       0x48 ../DMA_TEST_bsp/\libhal_bsp.a(alt_release_fd.o)
 .debug_loc     0x00001458       0xef ../DMA_TEST_bsp/\libhal_bsp.a(alt_find_dev.o)
 .debug_loc     0x00001547       0x9a ../DMA_TEST_bsp/\libhal_bsp.a(alt_find_file.o)
 .debug_loc     0x000015e1       0x29 ../DMA_TEST_bsp/\libhal_bsp.a(alt_get_fd.o)
 .debug_loc     0x0000160a       0x3d c:/users/asus/downloads/quatus/nios2eds/bin/gnu/h-i686-mingw32/bin/../lib/gcc/nios2-elf/4.1.2/../../../../nios2-elf/lib/mno-hw-mul\libsmallc.a(lib_a-exit.o)
 .debug_loc     0x00001647       0x70 c:/users/asus/downloads/quatus/nios2eds/bin/gnu/h-i686-mingw32/bin/../lib/gcc/nios2-elf/4.1.2/../../../../nios2-elf/lib/mno-hw-mul\libsmallc.a(lib_a-memcmp.o)
 .debug_loc     0x000016b7      0x1c1 c:/users/asus/downloads/quatus/nios2eds/bin/gnu/h-i686-mingw32/bin/../lib/gcc/nios2-elf/4.1.2/../../../../nios2-elf/lib/mno-hw-mul\libsmallc.a(lib_a-__call_atexit.o)

.debug_macinfo
 *(.debug_macinfo)

.debug_weaknames
 *(.debug_weaknames)

.debug_funcnames
 *(.debug_funcnames)

.debug_typenames
 *(.debug_typenames)

.debug_varnames
 *(.debug_varnames)

.debug_alt_sim_info
                0x00000000       0x10
 *(.debug_alt_sim_info)
 .debug_alt_sim_info
                0x00000000       0x10 ../DMA_TEST_bsp//obj/HAL/src/crt0.o
                0x00019c40                __alt_data_end = 0x19c40
                0x00019c40                PROVIDE (__alt_stack_pointer, __alt_data_end)
                0x00011ce0                PROVIDE (__alt_stack_limit, __alt_stack_base)
                0x00011ce0                PROVIDE (__alt_heap_start, end)
                0x00019c40                PROVIDE (__alt_heap_limit, 0x19c40)
OUTPUT(DMA_TEST.elf elf32-littlenios2)

.debug_ranges   0x00000000      0x1d8
 .debug_ranges  0x00000000       0x20 ../DMA_TEST_bsp//obj/HAL/src/crt0.o
 .debug_ranges  0x00000020      0x140 c:/users/asus/downloads/quatus/nios2eds/bin/gnu/h-i686-mingw32/bin/../lib/gcc/nios2-elf/4.1.2/../../../../nios2-elf/lib/mno-hw-mul\libsmallc.a(lib_a-vfprintf.o)
 .debug_ranges  0x00000160       0x18 ../DMA_TEST_bsp/\libhal_bsp.a(alt_sys_init.o)
 .debug_ranges  0x00000178       0x18 ../DMA_TEST_bsp/\libhal_bsp.a(alt_dev_llist_insert.o)
 .debug_ranges  0x00000190       0x30 ../DMA_TEST_bsp/\libhal_bsp.a(alt_open.o)
 .debug_ranges  0x000001c0       0x18 c:/users/asus/downloads/quatus/nios2eds/bin/gnu/h-i686-mingw32/bin/../lib/gcc/nios2-elf/4.1.2/../../../../nios2-elf/lib/mno-hw-mul\libsmallc.a(lib_a-__call_atexit.o)
